Archive member included to satisfy reference by file (symbol)

C:/ST/STM32CubeIDE_2.1.1/STM32CubeIDE/plugins/com.st.stm32cube.ide.mcu.externaltools.gnu-tools-for-stm32.14.3.rel1.win32_1.0.100.202602081740/tools/bin/../lib/gcc/arm-none-eabi/14.3.1/../../../../arm-none-eabi/lib/thumb/v7e-m+fp/hard\libc_nano.a(libc_a-exit.o)
                              C:/ST/STM32CubeIDE_2.1.1/STM32CubeIDE/plugins/com.st.stm32cube.ide.mcu.externaltools.gnu-tools-for-stm32.14.3.rel1.win32_1.0.100.202602081740/tools/bin/../lib/gcc/arm-none-eabi/14.3.1/../../../../arm-none-eabi/lib/thumb/v7e-m+fp/hard/crt0.o (exit)
C:/ST/STM32CubeIDE_2.1.1/STM32CubeIDE/plugins/com.st.stm32cube.ide.mcu.externaltools.gnu-tools-for-stm32.14.3.rel1.win32_1.0.100.202602081740/tools/bin/../lib/gcc/arm-none-eabi/14.3.1/../../../../arm-none-eabi/lib/thumb/v7e-m+fp/hard\libc_nano.a(libc_a-malloc.o)
                              ./Middlewares/ST/STM32_USB_Host_Library/Class/CDC/Src/usbh_cdc.o (malloc)
C:/ST/STM32CubeIDE_2.1.1/STM32CubeIDE/plugins/com.st.stm32cube.ide.mcu.externaltools.gnu-tools-for-stm32.14.3.rel1.win32_1.0.100.202602081740/tools/bin/../lib/gcc/arm-none-eabi/14.3.1/../../../../arm-none-eabi/lib/thumb/v7e-m+fp/hard\libc_nano.a(libc_a-mallocr.o)
                              C:/ST/STM32CubeIDE_2.1.1/STM32CubeIDE/plugins/com.st.stm32cube.ide.mcu.externaltools.gnu-tools-for-stm32.14.3.rel1.win32_1.0.100.202602081740/tools/bin/../lib/gcc/arm-none-eabi/14.3.1/../../../../arm-none-eabi/lib/thumb/v7e-m+fp/hard\libc_nano.a(libc_a-malloc.o) (_malloc_r)
C:/ST/STM32CubeIDE_2.1.1/STM32CubeIDE/plugins/com.st.stm32cube.ide.mcu.externaltools.gnu-tools-for-stm32.14.3.rel1.win32_1.0.100.202602081740/tools/bin/../lib/gcc/arm-none-eabi/14.3.1/../../../../arm-none-eabi/lib/thumb/v7e-m+fp/hard\libc_nano.a(libc_a-mlock.o)
                              C:/ST/STM32CubeIDE_2.1.1/STM32CubeIDE/plugins/com.st.stm32cube.ide.mcu.externaltools.gnu-tools-for-stm32.14.3.rel1.win32_1.0.100.202602081740/tools/bin/../lib/gcc/arm-none-eabi/14.3.1/../../../../arm-none-eabi/lib/thumb/v7e-m+fp/hard\libc_nano.a(libc_a-mallocr.o) (__malloc_lock)
C:/ST/STM32CubeIDE_2.1.1/STM32CubeIDE/plugins/com.st.stm32cube.ide.mcu.externaltools.gnu-tools-for-stm32.14.3.rel1.win32_1.0.100.202602081740/tools/bin/../lib/gcc/arm-none-eabi/14.3.1/../../../../arm-none-eabi/lib/thumb/v7e-m+fp/hard\libc_nano.a(libc_a-findfp.o)
                              C:/ST/STM32CubeIDE_2.1.1/STM32CubeIDE/plugins/com.st.stm32cube.ide.mcu.externaltools.gnu-tools-for-stm32.14.3.rel1.win32_1.0.100.202602081740/tools/bin/../lib/gcc/arm-none-eabi/14.3.1/../../../../arm-none-eabi/lib/thumb/v7e-m+fp/hard\libc_nano.a(libc_a-exit.o) (__stdio_exit_handler)
C:/ST/STM32CubeIDE_2.1.1/STM32CubeIDE/plugins/com.st.stm32cube.ide.mcu.externaltools.gnu-tools-for-stm32.14.3.rel1.win32_1.0.100.202602081740/tools/bin/../lib/gcc/arm-none-eabi/14.3.1/../../../../arm-none-eabi/lib/thumb/v7e-m+fp/hard\libc_nano.a(libc_a-fwalk.o)
                              C:/ST/STM32CubeIDE_2.1.1/STM32CubeIDE/plugins/com.st.stm32cube.ide.mcu.externaltools.gnu-tools-for-stm32.14.3.rel1.win32_1.0.100.202602081740/tools/bin/../lib/gcc/arm-none-eabi/14.3.1/../../../../arm-none-eabi/lib/thumb/v7e-m+fp/hard\libc_nano.a(libc_a-findfp.o) (_fwalk_sglue)
C:/ST/STM32CubeIDE_2.1.1/STM32CubeIDE/plugins/com.st.stm32cube.ide.mcu.externaltools.gnu-tools-for-stm32.14.3.rel1.win32_1.0.100.202602081740/tools/bin/../lib/gcc/arm-none-eabi/14.3.1/../../../../arm-none-eabi/lib/thumb/v7e-m+fp/hard\libc_nano.a(libc_a-printf.o)
                              ./Core/Src/main.o (printf)
C:/ST/STM32CubeIDE_2.1.1/STM32CubeIDE/plugins/com.st.stm32cube.ide.mcu.externaltools.gnu-tools-for-stm32.14.3.rel1.win32_1.0.100.202602081740/tools/bin/../lib/gcc/arm-none-eabi/14.3.1/../../../../arm-none-eabi/lib/thumb/v7e-m+fp/hard\libc_nano.a(libc_a-puts.o)
                              ./Core/Src/main.o (puts)
C:/ST/STM32CubeIDE_2.1.1/STM32CubeIDE/plugins/com.st.stm32cube.ide.mcu.externaltools.gnu-tools-for-stm32.14.3.rel1.win32_1.0.100.202602081740/tools/bin/../lib/gcc/arm-none-eabi/14.3.1/../../../../arm-none-eabi/lib/thumb/v7e-m+fp/hard\libc_nano.a(libc_a-stdio.o)
                              C:/ST/STM32CubeIDE_2.1.1/STM32CubeIDE/plugins/com.st.stm32cube.ide.mcu.externaltools.gnu-tools-for-stm32.14.3.rel1.win32_1.0.100.202602081740/tools/bin/../lib/gcc/arm-none-eabi/14.3.1/../../../../arm-none-eabi/lib/thumb/v7e-m+fp/hard\libc_nano.a(libc_a-findfp.o) (__sread)
C:/ST/STM32CubeIDE_2.1.1/STM32CubeIDE/plugins/com.st.stm32cube.ide.mcu.externaltools.gnu-tools-for-stm32.14.3.rel1.win32_1.0.100.202602081740/tools/bin/../lib/gcc/arm-none-eabi/14.3.1/../../../../arm-none-eabi/lib/thumb/v7e-m+fp/hard\libc_nano.a(libc_a-wbuf.o)
[...]
Memory Configuration

Name             Origin             Length             Attributes
CCMRAM           0x10000000         0x00010000         xrw
RAM              0x20000000         0x00020000         xrw
FLASH            0x08000000         0x00100000         xr
*default*        0x00000000         0xffffffff

Linker script and memory map

LOAD C:/ST/STM32CubeIDE_2.1.1/STM32CubeIDE/plugins/com.st.stm32cube.ide.mcu.externaltools.gnu-tools-for-stm32.14.3.rel1.win32_1.0.100.202602081740/tools/bin/../lib/gcc/arm-none-eabi/14.3.1/thumb/v7e-m+fp/hard/crti.o
LOAD C:/ST/STM32CubeIDE_2.1.1/STM32CubeIDE/plugins/com.st.stm32cube.ide.mcu.externaltools.gnu-tools-for-stm32.14.3.rel1.win32_1.0.100.202602081740/tools/bin/../lib/gcc/arm-none-eabi/14.3.1/thumb/v7e-m+fp/hard/crtbegin.o
LOAD C:/ST/STM32CubeIDE_2.1.1/STM32CubeIDE/plugins/com.st.stm32cube.ide.mcu.externaltools.gnu-tools-for-stm32.14.3.rel1.win32_1.0.100.202602081740/tools/bin/../lib/gcc/arm-none-eabi/14.3.1/../../../../arm-none-eabi/lib/thumb/v7e-m+fp/hard/crt0.o
LOAD ./Core/Src/cbd.o
LOAD ./Core/Src/cmov_int16.o
LOAD ./Core/Src/fastaddsub.o
LOAD ./Core/Src/fastbasemul.o
LOAD ./Core/Src/fastinvntt.o
LOAD ./Core/Src/fastntt.o
LOAD ./Core/Src/fips202.o
LOAD ./Core/Src/hmac_hkdf.o
LOAD ./Core/Src/indcpa.o
LOAD ./Core/Src/keccakf1600.o
LOAD ./Core/Src/kem.o
LOAD ./Core/Src/main.o
LOAD ./Core/Src/matacc.o
LOAD ./Core/Src/matacc_asm.o
LOAD ./Core/Src/mldsa_ntt.o
LOAD ./Core/Src/mldsa_packing.o
LOAD ./Core/Src/mldsa_pointwise_mont.o
LOAD ./Core/Src/mldsa_poly.o
LOAD ./Core/Src/mldsa_polyvec.o
LOAD ./Core/Src/mldsa_rounding.o
LOAD ./Core/Src/mldsa_sign.o
LOAD ./Core/Src/mldsa_smallntt_769.o
LOAD ./Core/Src/mldsa_smallpoly.o
LOAD ./Core/Src/mldsa_symmetric-shake.o
LOAD ./Core/Src/mldsa_vector.o
LOAD ./Core/Src/ntt.o
LOAD ./Core/Src/poly.o
LOAD ./Core/Src/poly_asm.o
LOAD ./Core/Src/polyvec.o
LOAD ./Core/Src/randombytes.o
LOAD ./Core/Src/reduce.o
LOAD ./Core/Src/stm32f4xx_hal_msp.o
LOAD ./Core/Src/stm32f4xx_it.o
LOAD ./Core/Src/symmetric-fips202.o
LOAD ./Core/Src/syscalls.o
LOAD ./Core/Src/sysmem.o
LOAD ./Core/Src/system_stm32f4xx.o
LOAD ./Core/Src/uECC.o
LOAD ./Core/Src/verify.o
LOAD ./Core/Startup/startup_stm32f407vgtx.o
LOAD ./Drivers/STM32F4xx_HAL_Driver/Src/stm32f4xx_hal.o
LOAD ./Drivers/STM32F4xx_HAL_Driver/Src/stm32f4xx_hal_cortex.o
LOAD ./Drivers/STM32F4xx_HAL_Driver/Src/stm32f4xx_hal_dma.o
LOAD ./Drivers/STM32F4xx_HAL_Driver/Src/stm32f4xx_hal_dma_ex.o
LOAD ./Drivers/STM32F4xx_HAL_Driver/Src/stm32f4xx_hal_exti.o
LOAD ./Drivers/STM32F4xx_HAL_Driver/Src/stm32f4xx_hal_flash.o
LOAD ./Drivers/STM32F4xx_HAL_Driver/Src/stm32f4xx_hal_flash_ex.o
LOAD ./Drivers/STM32F4xx_HAL_Driver/Src/stm32f4xx_hal_flash_ramfunc.o
LOAD ./Drivers/STM32F4xx_HAL_Driver/Src/stm32f4xx_hal_gpio.o
LOAD ./Drivers/STM32F4xx_HAL_Driver/Src/stm32f4xx_hal_hcd.o
LOAD ./Drivers/STM32F4xx_HAL_Driver/Src/stm32f4xx_hal_i2c.o
LOAD ./Drivers/STM32F4xx_HAL_Driver/Src/stm32f4xx_hal_i2c_ex.o
LOAD ./Drivers/STM32F4xx_HAL_Driver/Src/stm32f4xx_hal_i2s.o
LOAD ./Drivers/STM32F4xx_HAL_Driver/Src/stm32f4xx_hal_i2s_ex.o
LOAD ./Drivers/STM32F4xx_HAL_Driver/Src/stm32f4xx_hal_pwr.o
LOAD ./Drivers/STM32F4xx_HAL_Driver/Src/stm32f4xx_hal_pwr_ex.o
LOAD ./Drivers/STM32F4xx_HAL_Driver/Src/stm32f4xx_hal_rcc.o
LOAD ./Drivers/STM32F4xx_HAL_Driver/Src/stm32f4xx_hal_rcc_ex.o
LOAD ./Drivers/STM32F4xx_HAL_Driver/Src/stm32f4xx_hal_rng.o
LOAD ./Drivers/STM32F4xx_HAL_Driver/Src/stm32f4xx_hal_spi.o
LOAD ./Drivers/STM32F4xx_HAL_Driver/Src/stm32f4xx_ll_usb.o
LOAD ./Middlewares/ST/STM32_USB_Host_Library/Class/CDC/Src/usbh_cdc.o
LOAD ./Middlewares/ST/STM32_USB_Host_Library/Core/Src/usbh_core.o
LOAD ./Middlewares/ST/STM32_USB_Host_Library/Core/Src/usbh_ctlreq.o
LOAD ./Middlewares/ST/STM32_USB_Host_Library/Core/Src/usbh_ioreq.o
LOAD ./Middlewares/ST/STM32_USB_Host_Library/Core/Src/usbh_pipes.o
LOAD ./USB_HOST/App/usb_host.o
LOAD ./USB_HOST/Target/usbh_conf.o
LOAD ./USB_HOST/Target/usbh_platform.o
START GROUP
LOAD C:/ST/STM32CubeIDE_2.1.1/STM32CubeIDE/plugins/com.st.stm32cube.ide.mcu.externaltools.gnu-tools-for-stm32.14.3.rel1.win32_1.0.100.202602081740/tools/bin/../lib/gcc/arm-none-eabi/14.3.1/../../../../arm-none-eabi/lib/thumb/v7e-m+fp/hard\libc_nano.a
LOAD C:/ST/STM32CubeIDE_2.1.1/STM32CubeIDE/plugins/com.st.stm32cube.ide.mcu.externaltools.gnu-tools-for-stm32.14.3.rel1.win32_1.0.100.202602081740/tools/bin/../lib/gcc/arm-none-eabi/14.3.1/../../../../arm-none-eabi/lib/thumb/v7e-m+fp/hard\libm.a
END GROUP
START GROUP
LOAD C:/ST/STM32CubeIDE_2.1.1/STM32CubeIDE/plugins/com.st.stm32cube.ide.mcu.externaltools.gnu-tools-for-stm32.14.3.rel1.win32_1.0.100.202602081740/tools/bin/../lib/gcc/arm-none-eabi/14.3.1/thumb/v7e-m+fp/hard\libgcc.a
LOAD C:/ST/STM32CubeIDE_2.1.1/STM32CubeIDE/plugins/com.st.stm32cube.ide.mcu.externaltools.gnu-tools-for-stm32.14.3.rel1.win32_1.0.100.202602081740/tools/bin/../lib/gcc/arm-none-eabi/14.3.1/../../../../arm-none-eabi/lib/thumb/v7e-m+fp/hard\libc_nano.a
END GROUP
START GROUP
LOAD C:/ST/STM32CubeIDE_2.1.1/STM32CubeIDE/plugins/com.st.stm32cube.ide.mcu.externaltools.gnu-tools-for-stm32.14.3.rel1.win32_1.0.100.202602081740/tools/bin/../lib/gcc/arm-none-eabi/14.3.1/thumb/v7e-m+fp/hard\libgcc.a
LOAD C:/ST/STM32CubeIDE_2.1.1/STM32CubeIDE/plugins/com.st.stm32cube.ide.mcu.externaltools.gnu-tools-for-stm32.14.3.rel1.win32_1.0.100.202602081740/tools/bin/../lib/gcc/arm-none-eabi/14.3.1/../../../../arm-none-eabi/lib/thumb/v7e-m+fp/hard\libc_nano.a
LOAD C:/ST/STM32CubeIDE_2.1.1/STM32CubeIDE/plugins/com.st.stm32cube.ide.mcu.externaltools.gnu-tools-for-stm32.14.3.rel1.win32_1.0.100.202602081740/tools/bin/../lib/gcc/arm-none-eabi/14.3.1/../../../../arm-none-eabi/lib/thumb/v7e-m+fp/hard\libnosys.a
END GROUP
START GROUP
LOAD C:/ST/STM32CubeIDE_2.1.1/STM32CubeIDE/plugins/com.st.stm32cube.ide.mcu.externaltools.gnu-tools-for-stm32.14.3.rel1.win32_1.0.100.202602081740/tools/bin/../lib/gcc/arm-none-eabi/14.3.1/thumb/v7e-m+fp/hard\libgcc.a
LOAD C:/ST/STM32CubeIDE_2.1.1/STM32CubeIDE/plugins/com.st.stm32cube.ide.mcu.externaltools.gnu-tools-for-stm32.14.3.rel1.win32_1.0.100.202602081740/tools/bin/../lib/gcc/arm-none-eabi/14.3.1/../../../../arm-none-eabi/lib/thumb/v7e-m+fp/hard\libc_nano.a
LOAD C:/ST/STM32CubeIDE_2.1.1/STM32CubeIDE/plugins/com.st.stm32cube.ide.mcu.externaltools.gnu-tools-for-stm32.14.3.rel1.win32_1.0.100.202602081740/tools/bin/../lib/gcc/arm-none-eabi/14.3.1/../../../../arm-none-eabi/lib/thumb/v7e-m+fp/hard\libnosys.a
END GROUP
LOAD C:/ST/STM32CubeIDE_2.1.1/STM32CubeIDE/plugins/com.st.stm32cube.ide.mcu.externaltools.gnu-tools-for-stm32.14.3.rel1.win32_1.0.100.202602081740/tools/bin/../lib/gcc/arm-none-eabi/14.3.1/thumb/v7e-m+fp/hard/crtend.o
LOAD C:/ST/STM32CubeIDE_2.1.1/STM32CubeIDE/plugins/com.st.stm32cube.ide.mcu.externaltools.gnu-tools-for-stm32.14.3.rel1.win32_1.0.100.202602081740/tools/bin/../lib/gcc/arm-none-eabi/14.3.1/thumb/v7e-m+fp/hard/crtn.o
                0x20020000                        _estack = (ORIGIN (RAM) + LENGTH (RAM))
                0x00000200                        _Min_Heap_Size = 0x200
                0x00010000                        _Min_Stack_Size = 0x10000

.isr_vector     0x08000000      0x188
                0x08000000                        . = ALIGN (0x4)
 *(.isr_vector)
 .isr_vector    0x08000000      0x188 ./Core/Startup/startup_stm32f407vgtx.o
                0x08000000                g_pfnVectors
                0x08000188                        . = ALIGN (0x4)

.text           0x08000200     0xc36c
                0x08000200                        . = ALIGN (0x4)
 *(.text)
 .text          0x08000200       0x40 C:/ST/STM32CubeIDE_2.1.1/STM32CubeIDE/plugins/com.st.stm32cube.ide.mcu.externaltools.gnu-tools-for-stm32.14.3.rel1.win32_1.0.100.202602081740/tools/bin/../lib/gcc/arm-none-eabi/14.3.1/thumb/v7e-m+fp/hard/crtbegin.o
 .text          0x08000240       0x14 ./Core/Src/cmov_int16.o
                0x08000240                cmov_int16
 .text          0x08000254       0x88 ./Core/Src/fastaddsub.o
                0x08000254                pointwise_sub
                0x08000298                pointwise_add
 .text          0x080002dc      0x138 ./Core/Src/fastbasemul.o
                0x080002dc                basemul_asm_opt_16_32
                0x08000328                basemul_asm_acc_opt_32_32
                0x08000384                basemul_asm_acc_opt_32_16
 .text          0x08000414      0x880 ./Core/Src/fastinvntt.o
                0x08000414                invntt_fast
 .text          0x08000c94      0x69c ./Core/Src/fastntt.o
                0x08000c94                ntt_fast
 *fill*         0x08001330       0xd0 
 .text          0x08001400     0x1fa0 ./Core/Src/keccakf1600.o
                0x08001400                KeccakF1600_Initialize
                0x08001500                KeccakF1600_StateXORBytes
                0x08001800                KeccakF1600_StateExtractBytes
                0x08001c00                KeccakF1600_StatePermute
 .text          0x080033a0      0xc20 ./Core/Src/matacc_asm.o
                0x080033a0                matacc_asm_cache_16_32
                0x0800359c                matacc_asm_cache_32_32
                0x080037b0                matacc_asm_cache_32_16
                0x08003a2c                matacc_asm_opt_16_32
                0x08003bd4                matacc_asm_opt_32_32
                0x08003d98                matacc_asm_opt_32_16
 .text          0x08003fc0      0x224 ./Core/Src/poly_asm.o
                0x08003fc0                frombytes_mul_asm_16_32
                0x0800405c                frombytes_mul_asm_acc_32_32
                0x08004100                frombytes_mul_asm_acc_32_16
 .text          0x080041e4      0x1f0 ./Core/Src/reduce.o
                0x080041e4                asm_barrett_reduce
                0x08004308                asm_fromplant
 *fill*         0x080043d4        0xc 
 .text          0x080043e0       0xa0 C:/ST/STM32CubeIDE_2.1.1/STM32CubeIDE/plugins/com.st.stm32cube.ide.mcu.externaltools.gnu-tools-for-stm32.14.3.rel1.win32_1.0.100.202602081740/tools/bin/../lib/gcc/arm-none-eabi/14.3.1/../../../../arm-none-eabi/lib/thumb/v7e-m+fp/hard\libc_nano.a(libc_a-memchr.o)
                0x080043e0                memchr
 .text          0x08004480       0x30 C:/ST/STM32CubeIDE_2.1.1/STM32CubeIDE/plugins/com.st.stm32cube.ide.mcu.externaltools.gnu-tools-for-stm32.14.3.rel1.win32_1.0.100.202602081740/tools/bin/../lib/gcc/arm-none-eabi/14.3.1/thumb/v7e-m+fp/hard\libgcc.a(_aeabi_uldivmod.o)
                0x08004480                __aeabi_uldivmod
 .text          0x080044b0      0x2f8 C:/ST/STM32CubeIDE_2.1.1/STM32CubeIDE/plugins/com.st.stm32cube.ide.mcu.externaltools.gnu-tools-for-stm32.14.3.rel1.win32_1.0.100.202602081740/tools/bin/../lib/gcc/arm-none-eabi/14.3.1/thumb/v7e-m+fp/hard\libgcc.a(_udivmoddi4.o)
                0x080044b0                __udivmoddi4
 .text          0x080047a8        0x4 C:/ST/STM32CubeIDE_2.1.1/STM32CubeIDE/plugins/com.st.stm32cube.ide.mcu.externaltools.gnu-tools-for-stm32.14.3.rel1.win32_1.0.100.202602081740/tools/bin/../lib/gcc/arm-none-eabi/14.3.1/thumb/v7e-m+fp/hard\libgcc.a(_dvmd_tls.o)
                0x080047a8                __aeabi_idiv0
                0x080047a8                __aeabi_ldiv0
 *(.text*)
 .text.cbd      0x080047ac      0x174 ./Core/Src/cbd.o
                0x080047ac                cbd
 .text.shake256_inc_init
                0x08004920       0x18 ./Core/Src/fips202.o
                0x08004920                shake256_inc_init
 .text.shake256_inc_absorb
                0x08004938       0x78 ./Core/Src/fips202.o
                0x08004938                shake256_inc_absorb
 .text.shake256_inc_finalize
                0x080049b0       0x40 ./Core/Src/fips202.o
                0x080049b0                shake256_inc_finalize
 .text.shake256_inc_squeeze
                0x080049f0       0x8c ./Core/Src/fips202.o
                0x080049f0                shake256_inc_squeeze
 .text.shake256_inc_ctx_release
                0x08004a7c        0x4 ./Core/Src/fips202.o
                0x08004a7c                shake256_inc_ctx_release
 .text.shake128_absorb
                0x08004a80       0x6c ./Core/Src/fips202.o
                0x08004a80                shake128_absorb
 .text.shake128_squeezeblocks
                0x08004aec       0x28 ./Core/Src/fips202.o
                0x08004aec                shake128_squeezeblocks
 .text.shake256
                0x08004b14       0xe4 ./Core/Src/fips202.o
                0x08004b14                shake256
 .text.sha3_256
                0x08004bf8       0x98 ./Core/Src/fips202.o
                0x08004bf8                sha3_256
 .text.sha3_512
                0x08004c90       0xa8 ./Core/Src/fips202.o
                0x08004c90                sha3_512
 .text.hmac_sha3_256
                0x08004d38       0xc4 ./Core/Src/hmac_hkdf.o
                0x08004d38                hmac_sha3_256
 .text.hkdf_sha3
                0x08004dfc       0x60 ./Core/Src/hmac_hkdf.o
                0x08004dfc                hkdf_sha3
 .text.indcpa_keypair_derand
                0x08004e5c      0x14c ./Core/Src/indcpa.o
                0x08004e5c                indcpa_keypair_derand
 .text.indcpa_enc
                0x08004fa8      0x164 ./Core/Src/indcpa.o
                0x08004fa8                indcpa_enc
 .text.indcpa_enc_cmp
                0x0800510c      0x188 ./Core/Src/indcpa.o
                0x0800510c                indcpa_enc_cmp
 .text.indcpa_dec
                0x08005294       0x94 ./Core/Src/indcpa.o
                0x08005294                indcpa_dec
 .text.crypto_kem_keypair
                0x08005328       0x68 ./Core/Src/kem.o
                0x08005328                crypto_kem_keypair
 .text.crypto_kem_enc
                0x08005390       0x6c ./Core/Src/kem.o
                0x08005390                crypto_kem_enc
 .text.crypto_kem_dec
                0x080053fc       0x78 ./Core/Src/kem.o
                0x080053fc                crypto_kem_dec
 .text.benchmark_NTN_PQ_AKE_v40
                0x08005474      0x218 ./Core/Src/main.o
                0x08005474                benchmark_NTN_PQ_AKE_v40
 .text.SystemClock_Config
                0x0800568c       0xa8 ./Core/Src/main.o
                0x0800568c                SystemClock_Config
 .text.startup.main
                0x08005734      0x290 ./Core/Src/main.o
                0x08005734                main
 .text.Error_Handler
                0x080059c4        0x4 ./Core/Src/main.o
                0x080059c4                Error_Handler
 .text.matacc_cache32
                0x080059c8      0x10c ./Core/Src/matacc.o
                0x080059c8                matacc_cache32
 .text.matacc_opt32
                0x08005ad4       0xf4 ./Core/Src/matacc.o
                0x08005ad4                matacc_opt32
 .text.ntt      0x08005bc8        0xc ./Core/Src/ntt.o
                0x08005bc8                ntt
 .text.invntt   0x08005bd4        0xc ./Core/Src/ntt.o
                0x08005bd4                invntt
 .text.poly_compress
                0x08005be0      0x168 ./Core/Src/poly.o
                0x08005be0                poly_compress
 .text.poly_decompress
                0x08005d48       0xb8 ./Core/Src/poly.o
                0x08005d48                poly_decompress
 .text.poly_packcompress
                0x08005e00       0xc8 ./Core/Src/poly.o
                0x08005e00                poly_packcompress
 .text.poly_unpackdecompress
                0x08005ec8       0x90 ./Core/Src/poly.o
                0x08005ec8                poly_unpackdecompress
 .text.cmp_poly_compress
                0x08005f58      0x164 ./Core/Src/poly.o
                0x08005f58                cmp_poly_compress
 .text.cmp_poly_packcompress
                0x080060bc       0xe8 ./Core/Src/poly.o
                0x080060bc                cmp_poly_packcompress
 .text.poly_tobytes
                0x080061a4       0x40 ./Core/Src/poly.o
                0x080061a4                poly_tobytes
 .text.poly_frombytes
                0x080061e4       0x38 ./Core/Src/poly.o
                0x080061e4                poly_frombytes
 .text.poly_frombytes_mul_16_32
                0x0800621c        0xc ./Core/Src/poly.o
                0x0800621c                poly_frombytes_mul_16_32
 .text.poly_frombytes_mul_32_32
                0x08006228        0xc ./Core/Src/poly.o
                0x08006228                poly_frombytes_mul_32_32
 .text.poly_frombytes_mul_32_16
                0x08006234       0x14 ./Core/Src/poly.o
                0x08006234                poly_frombytes_mul_32_16
 .text.poly_noise
                0x08006248       0x24 ./Core/Src/poly.o
                0x08006248                poly_noise
 .text.poly_basemul_opt_16_32
                0x0800626c        0x4 ./Core/Src/poly.o
                0x0800626c                poly_basemul_opt_16_32
 .text.poly_basemul_acc_opt_32_32
                0x08006270        0x4 ./Core/Src/poly.o
                0x08006270                poly_basemul_acc_opt_32_32
 .text.poly_basemul_acc_opt_32_16
                0x08006274        0x4 ./Core/Src/poly.o
                0x08006274                poly_basemul_acc_opt_32_16
 .text.poly_ntt
                0x08006278        0x4 ./Core/Src/poly.o
                0x08006278                poly_ntt
 .text.poly_invntt
                0x0800627c        0x4 ./Core/Src/poly.o
                0x0800627c                poly_invntt
 .text.poly_reduce
                0x08006280        0x4 ./Core/Src/poly.o
                0x08006280                poly_reduce
 .text.poly_add
                0x08006284        0x4 ./Core/Src/poly.o
                0x08006284                poly_add
 .text.poly_sub
                0x08006288        0x4 ./Core/Src/poly.o
                0x08006288                poly_sub
 .text.poly_frommsg
                0x0800628c       0x44 ./Core/Src/poly.o
                0x0800628c                poly_frommsg
 .text.poly_tomsg
                0x080062d0      0x13c ./Core/Src/poly.o
                0x080062d0                poly_tomsg
 .text.polyvec_tobytes
                0x0800640c       0x28 ./Core/Src/polyvec.o
                0x0800640c                polyvec_tobytes
 .text.polyvec_ntt
                0x08006434       0x1c ./Core/Src/polyvec.o
                0x08006434                polyvec_ntt
 .text.randombytes_trng
                0x08006450       0x50 ./Core/Src/randombytes.o
                0x08006450                randombytes_trng
 .text.HAL_MspInit
                0x080064a0       0x3c ./Core/Src/stm32f4xx_hal_msp.o
                0x080064a0                HAL_MspInit
 .text.HAL_I2C_MspInit
                0x080064dc       0x70 ./Core/Src/stm32f4xx_hal_msp.o
                0x080064dc                HAL_I2C_MspInit
 .text.HAL_I2S_MspInit
                0x0800654c       0xbc ./Core/Src/stm32f4xx_hal_msp.o
                0x0800654c                HAL_I2S_MspInit
 .text.HAL_RNG_MspInit
                0x08006608       0x30 ./Core/Src/stm32f4xx_hal_msp.o
                0x08006608                HAL_RNG_MspInit
 .text.HAL_SPI_MspInit
                0x08006638       0x70 ./Core/Src/stm32f4xx_hal_msp.o
                0x08006638                HAL_SPI_MspInit
 .text.NMI_Handler
                0x080066a8        0x4 ./Core/Src/stm32f4xx_it.o
                0x080066a8                NMI_Handler
 .text.HardFault_Handler
                0x080066ac        0x4 ./Core/Src/stm32f4xx_it.o
                0x080066ac                HardFault_Handler
 .text.MemManage_Handler
                0x080066b0        0x4 ./Core/Src/stm32f4xx_it.o
                0x080066b0                MemManage_Handler
 .text.BusFault_Handler
                0x080066b4        0x4 ./Core/Src/stm32f4xx_it.o
                0x080066b4                BusFault_Handler
 .text.UsageFault_Handler
                0x080066b8        0x4 ./Core/Src/stm32f4xx_it.o
                0x080066b8                UsageFault_Handler
 .text.SVC_Handler
                0x080066bc        0x4 ./Core/Src/stm32f4xx_it.o
                0x080066bc                SVC_Handler
 .text.DebugMon_Handler
                0x080066c0        0x4 ./Core/Src/stm32f4xx_it.o
                0x080066c0                DebugMon_Handler
 .text.PendSV_Handler
                0x080066c4        0x4 ./Core/Src/stm32f4xx_it.o
                0x080066c4                PendSV_Handler
 .text.SysTick_Handler
                0x080066c8        0x4 ./Core/Src/stm32f4xx_it.o
                0x080066c8                SysTick_Handler
 .text.OTG_FS_IRQHandler
                0x080066cc        0xc ./Core/Src/stm32f4xx_it.o
                0x080066cc                OTG_FS_IRQHandler
 .text.kyber_shake128_absorb
                0x080066d8       0x4c ./Core/Src/symmetric-fips202.o
                0x080066d8                kyber_shake128_absorb
 .text.kyber_shake256_prf
                0x08006724       0x48 ./Core/Src/symmetric-fips202.o
                0x08006724                kyber_shake256_prf
 .text.kyber_shake256_rkprf
                0x0800676c       0x40 ./Core/Src/symmetric-fips202.o
                0x0800676c                kyber_shake256_rkprf
 .text._read    0x080067ac       0x1c ./Core/Src/syscalls.o
                0x080067ac                _read
 .text._write   0x080067c8       0x1c ./Core/Src/syscalls.o
                0x080067c8                _write
 .text._close   0x080067e4        0x8 ./Core/Src/syscalls.o
                0x080067e4                _close
 .text._fstat   0x080067ec        0xc ./Core/Src/syscalls.o
                0x080067ec                _fstat
 .text._isatty  0x080067f8        0x4 ./Core/Src/syscalls.o
                0x080067f8                _isatty
 .text._lseek   0x080067fc        0x4 ./Core/Src/syscalls.o
                0x080067fc                _lseek
 .text._sbrk    0x08006800       0x44 ./Core/Src/sysmem.o
                0x08006800                _sbrk
 .text.SystemInit
                0x08006844       0x14 ./Core/Src/system_stm32f4xx.o
                0x08006844                SystemInit
 .text.cmov     0x08006858       0xb4 ./Core/Src/verify.o
                0x08006858                cmov
 .text.Reset_Handler
                0x0800690c       0x50 ./Core/Startup/startup_stm32f407vgtx.o
                0x0800690c                Reset_Handler
 .text.Default_Handler
                0x0800695c        0x2 ./Core/Startup/startup_stm32f407vgtx.o
                0x0800695c                RTC_Alarm_IRQHandler
                0x0800695c                HASH_RNG_IRQHandler
                0x0800695c                EXTI2_IRQHandler
                0x0800695c                TIM8_CC_IRQHandler
                0x0800695c                TIM1_CC_IRQHandler
                0x0800695c                DMA2_Stream5_IRQHandler
                0x0800695c                DMA1_Stream5_IRQHandler
                0x0800695c                PVD_IRQHandler
                0x0800695c                SDIO_IRQHandler
                0x0800695c                TAMP_STAMP_IRQHandler
                0x0800695c                CAN2_RX1_IRQHandler
                0x0800695c                EXTI3_IRQHandler
                0x0800695c                TIM8_TRG_COM_TIM14_IRQHandler
                0x0800695c                TIM1_UP_TIM10_IRQHandler
                0x0800695c                TIM8_UP_TIM13_IRQHandler
                0x0800695c                I2C3_ER_IRQHandler
                0x0800695c                EXTI0_IRQHandler
                0x0800695c                I2C2_EV_IRQHandler
                0x0800695c                DMA1_Stream2_IRQHandler
                0x0800695c                CAN1_RX0_IRQHandler
                0x0800695c                FPU_IRQHandler
                0x0800695c                OTG_HS_WKUP_IRQHandler
                0x0800695c                CAN2_SCE_IRQHandler
                0x0800695c                DMA2_Stream2_IRQHandler
                0x0800695c                SPI1_IRQHandler
                0x0800695c                TIM6_DAC_IRQHandler
                0x0800695c                TIM1_BRK_TIM9_IRQHandler
                0x0800695c                DCMI_IRQHandler
                0x0800695c                CAN2_RX0_IRQHandler
                0x0800695c                DMA2_Stream3_IRQHandler
                0x0800695c                USART6_IRQHandler
                0x0800695c                USART3_IRQHandler
                0x0800695c                CAN1_RX1_IRQHandler
                0x0800695c                UART5_IRQHandler
                0x0800695c                DMA2_Stream0_IRQHandler
                0x0800695c                TIM4_IRQHandler
                0x0800695c                I2C1_EV_IRQHandler
                0x0800695c                DMA1_Stream6_IRQHandler
                0x0800695c                DMA1_Stream1_IRQHandler
                0x0800695c                UART4_IRQHandler
                0x0800695c                TIM3_IRQHandler
                0x0800695c                RCC_IRQHandler
                0x0800695c                TIM8_BRK_TIM12_IRQHandler
                0x0800695c                Default_Handler
                0x0800695c                EXTI15_10_IRQHandler
                0x0800695c                ADC_IRQHandler
                0x0800695c                DMA1_Stream7_IRQHandler
                0x0800695c                TIM7_IRQHandler
                0x0800695c                CAN2_TX_IRQHandler
                0x0800695c                TIM5_IRQHandler
                0x0800695c                DMA2_Stream7_IRQHandler
                0x0800695c                I2C3_EV_IRQHandler
                0x0800695c                EXTI9_5_IRQHandler
                0x0800695c                RTC_WKUP_IRQHandler
                0x0800695c                ETH_WKUP_IRQHandler
                0x0800695c                SPI2_IRQHandler
                0x0800695c                OTG_HS_EP1_IN_IRQHandler
                0x0800695c                DMA1_Stream0_IRQHandler
                0x0800695c                CAN1_TX_IRQHandler
                0x0800695c                EXTI4_IRQHandler
                0x0800695c                FSMC_IRQHandler
                0x0800695c                ETH_IRQHandler
                0x0800695c                OTG_HS_EP1_OUT_IRQHandler
                0x0800695c                WWDG_IRQHandler
                0x0800695c                TIM2_IRQHandler
                0x0800695c                OTG_FS_WKUP_IRQHandler
                0x0800695c                TIM1_TRG_COM_TIM11_IRQHandler
                0x0800695c                OTG_HS_IRQHandler
                0x0800695c                EXTI1_IRQHandler
                0x0800695c                USART2_IRQHandler
                0x0800695c                I2C2_ER_IRQHandler
                0x0800695c                DMA2_Stream1_IRQHandler
                0x0800695c                CAN1_SCE_IRQHandler
                0x0800695c                FLASH_IRQHandler
                0x0800695c                DMA2_Stream4_IRQHandler
                0x0800695c                USART1_IRQHandler
                0x0800695c                SPI3_IRQHandler
                0x0800695c                DMA1_Stream4_IRQHandler
                0x0800695c                I2C1_ER_IRQHandler
                0x0800695c                DMA2_Stream6_IRQHandler
                0x0800695c                DMA1_Stream3_IRQHandler
 *fill*         0x0800695e        0x2 
 .text.HAL_InitTick
                0x08006960       0x48 ./Drivers/STM32F4xx_HAL_Driver/Src/stm32f4xx_hal.o
                0x08006960                HAL_InitTick
 .text.HAL_Init
                0x080069a8       0x34 ./Drivers/STM32F4xx_HAL_Driver/Src/stm32f4xx_hal.o
                0x080069a8                HAL_Init
 .text.HAL_IncTick
                0x080069dc       0x18 ./Drivers/STM32F4xx_HAL_Driver/Src/stm32f4xx_hal.o
                0x080069dc                HAL_IncTick
 .text.HAL_GetTick
                0x080069f4        0xc ./Drivers/STM32F4xx_HAL_Driver/Src/stm32f4xx_hal.o
                0x080069f4                HAL_GetTick
 .text.HAL_Delay
                0x08006a00       0x24 ./Drivers/STM32F4xx_HAL_Driver/Src/stm32f4xx_hal.o
                0x08006a00                HAL_Delay
 .text.HAL_NVIC_SetPriorityGrouping
                0x08006a24       0x24 ./Drivers/STM32F4xx_HAL_Driver/Src/stm32f4xx_hal_cortex.o
                0x08006a24                HAL_NVIC_SetPriorityGrouping
 .text.HAL_NVIC_SetPriority
                0x08006a48       0x74 ./Drivers/STM32F4xx_HAL_Driver/Src/stm32f4xx_hal_cortex.o
                0x08006a48                HAL_NVIC_SetPriority
 .text.HAL_NVIC_EnableIRQ
                0x08006abc       0x1c ./Drivers/STM32F4xx_HAL_Driver/Src/stm32f4xx_hal_cortex.o
                0x08006abc                HAL_NVIC_EnableIRQ
 .text.HAL_SYSTICK_Config
                0x08006ad8       0x34 ./Drivers/STM32F4xx_HAL_Driver/Src/stm32f4xx_hal_cortex.o
                0x08006ad8                HAL_SYSTICK_Config
 .text.HAL_GPIO_Init
                0x08006b0c      0x3c0 ./Drivers/STM32F4xx_HAL_Driver/Src/stm32f4xx_hal_gpio.o
                0x08006b0c                HAL_GPIO_Init
 .text.HAL_GPIO_WritePin
                0x08006ecc        0x8 ./Drivers/STM32F4xx_HAL_Driver/Src/stm32f4xx_hal_gpio.o
                0x08006ecc                HAL_GPIO_WritePin
 .text.HAL_HCD_HC_Init
                0x08006ed4       0xc4 ./Drivers/STM32F4xx_HAL_Driver/Src/stm32f4xx_hal_hcd.o
                0x08006ed4                HAL_HCD_HC_Init
 .text.HAL_HCD_Init
                0x08006f98       0x88 ./Drivers/STM32F4xx_HAL_Driver/Src/stm32f4xx_hal_hcd.o
                0x08006f98                HAL_HCD_Init
 .text.HAL_HCD_HC_SubmitRequest
                0x08007020       0xe8 ./Drivers/STM32F4xx_HAL_Driver/Src/stm32f4xx_hal_hcd.o
                0x08007020                HAL_HCD_HC_SubmitRequest
 .text.HAL_HCD_IRQHandler
                0x08007108      0x990 ./Drivers/STM32F4xx_HAL_Driver/Src/stm32f4xx_hal_hcd.o
                0x08007108                HAL_HCD_IRQHandler
 .text.HAL_HCD_Start
                0x08007a98       0x2c ./Drivers/STM32F4xx_HAL_Driver/Src/stm32f4xx_hal_hcd.o
                0x08007a98                HAL_HCD_Start
 .text.HAL_HCD_Stop
                0x08007ac4       0x28 ./Drivers/STM32F4xx_HAL_Driver/Src/stm32f4xx_hal_hcd.o
                0x08007ac4                HAL_HCD_Stop
 .text.HAL_HCD_ResetPort
                0x08007aec        0x8 ./Drivers/STM32F4xx_HAL_Driver/Src/stm32f4xx_hal_hcd.o
                0x08007aec                HAL_HCD_ResetPort
 .text.HAL_HCD_HC_GetURBState
                0x08007af4       0x10 ./Drivers/STM32F4xx_HAL_Driver/Src/stm32f4xx_hal_hcd.o
                0x08007af4                HAL_HCD_HC_GetURBState
 .text.HAL_HCD_HC_GetXferCount
                0x08007b04        0xc ./Drivers/STM32F4xx_HAL_Driver/Src/stm32f4xx_hal_hcd.o
                0x08007b04                HAL_HCD_HC_GetXferCount
 .text.HAL_HCD_GetCurrentFrame
                0x08007b10        0x8 ./Drivers/STM32F4xx_HAL_Driver/Src/stm32f4xx_hal_hcd.o
                0x08007b10                HAL_HCD_GetCurrentFrame
 .text.HAL_HCD_GetCurrentSpeed
                0x08007b18        0x8 ./Drivers/STM32F4xx_HAL_Driver/Src/stm32f4xx_hal_hcd.o
                0x08007b18                HAL_HCD_GetCurrentSpeed
 .text.HAL_I2C_Init
                0x08007b20      0x194 ./Drivers/STM32F4xx_HAL_Driver/Src/stm32f4xx_hal_i2c.o
                0x08007b20                HAL_I2C_Init
 .text.HAL_I2S_Init
                0x08007cb4      0x148 ./Drivers/STM32F4xx_HAL_Driver/Src/stm32f4xx_hal_i2s.o
                0x08007cb4                HAL_I2S_Init
 .text.HAL_I2S_TxCpltCallback
                0x08007dfc        0x4 ./Drivers/STM32F4xx_HAL_Driver/Src/stm32f4xx_hal_i2s.o
                0x08007dfc                HAL_I2S_TxCpltCallback
 .text.HAL_I2S_RxCpltCallback
                0x08007e00        0x4 ./Drivers/STM32F4xx_HAL_Driver/Src/stm32f4xx_hal_i2s.o
                0x08007e00                HAL_I2S_RxCpltCallback
 .text.HAL_I2S_ErrorCallback
                0x08007e04        0x4 ./Drivers/STM32F4xx_HAL_Driver/Src/stm32f4xx_hal_i2s.o
                0x08007e04                HAL_I2S_ErrorCallback
 .text.I2S_IRQHandler
                0x08007e08      0x108 ./Drivers/STM32F4xx_HAL_Driver/Src/stm32f4xx_hal_i2s.o
 .text.HAL_I2SEx_TxRxCpltCallback
                0x08007f10        0x4 ./Drivers/STM32F4xx_HAL_Driver/Src/stm32f4xx_hal_i2s_ex.o
                0x08007f10                HAL_I2SEx_TxRxCpltCallback
 .text.HAL_I2SEx_FullDuplex_IRQHandler
                0x08007f14      0x260 ./Drivers/STM32F4xx_HAL_Driver/Src/stm32f4xx_hal_i2s_ex.o
                0x08007f14                HAL_I2SEx_FullDuplex_IRQHandler
 .text.HAL_RCC_OscConfig
                0x08008174      0x3cc ./Drivers/STM32F4xx_HAL_Driver/Src/stm32f4xx_hal_rcc.o
                0x08008174                HAL_RCC_OscConfig
 .text.HAL_RCC_GetSysClockFreq
                0x08008540       0x68 ./Drivers/STM32F4xx_HAL_Driver/Src/stm32f4xx_hal_rcc.o
                0x08008540                HAL_RCC_GetSysClockFreq
 .text.HAL_RCC_ClockConfig
                0x080085a8      0x13c ./Drivers/STM32F4xx_HAL_Driver/Src/stm32f4xx_hal_rcc.o
                0x080085a8                HAL_RCC_ClockConfig
 .text.HAL_RCC_GetPCLK1Freq
                0x080086e4       0x20 ./Drivers/STM32F4xx_HAL_Driver/Src/stm32f4xx_hal_rcc.o
                0x080086e4                HAL_RCC_GetPCLK1Freq
 .text.HAL_RCCEx_PeriphCLKConfig
                0x08008704      0x13c ./Drivers/STM32F4xx_HAL_Driver/Src/stm32f4xx_hal_rcc_ex.o
                0x08008704                HAL_RCCEx_PeriphCLKConfig
 .text.HAL_RCCEx_GetPeriphCLKFreq
                0x08008840       0x54 ./Drivers/STM32F4xx_HAL_Driver/Src/stm32f4xx_hal_rcc_ex.o
                0x08008840                HAL_RCCEx_GetPeriphCLKFreq
 .text.HAL_RNG_Init
                0x08008894       0x34 ./Drivers/STM32F4xx_HAL_Driver/Src/stm32f4xx_hal_rng.o
                0x08008894                HAL_RNG_Init
 .text.HAL_RNG_GenerateRandomNumber
                0x080088c8       0x6c ./Drivers/STM32F4xx_HAL_Driver/Src/stm32f4xx_hal_rng.o
                0x080088c8                HAL_RNG_GenerateRandomNumber
 .text.HAL_SPI_Init
                0x08008934       0xc4 ./Drivers/STM32F4xx_HAL_Driver/Src/stm32f4xx_hal_spi.o
                0x08008934                HAL_SPI_Init
 .text.USB_CoreInit
                0x080089f8      0x128 ./Drivers/STM32F4xx_HAL_Driver/Src/stm32f4xx_ll_usb.o
                0x080089f8                USB_CoreInit
 .text.USB_EnableGlobalInt
                0x08008b20       0x10 ./Drivers/STM32F4xx_HAL_Driver/Src/stm32f4xx_ll_usb.o
                0x08008b20                USB_EnableGlobalInt
 .text.USB_DisableGlobalInt
                0x08008b30       0x10 ./Drivers/STM32F4xx_HAL_Driver/Src/stm32f4xx_ll_usb.o
                0x08008b30                USB_DisableGlobalInt
 .text.USB_SetCurrentMode
                0x08008b40       0x70 ./Drivers/STM32F4xx_HAL_Driver/Src/stm32f4xx_ll_usb.o
                0x08008b40                USB_SetCurrentMode
 .text.USB_FlushTxFifo
                0x08008bb0       0x50 ./Drivers/STM32F4xx_HAL_Driver/Src/stm32f4xx_ll_usb.o
                0x08008bb0                USB_FlushTxFifo
 .text.USB_FlushRxFifo
                0x08008c00       0x4c ./Drivers/STM32F4xx_HAL_Driver/Src/stm32f4xx_ll_usb.o
                0x08008c00                USB_FlushRxFifo
 .text.USB_ReadPacket
                0x08008c4c       0x50 ./Drivers/STM32F4xx_HAL_Driver/Src/stm32f4xx_ll_usb.o
                0x08008c4c                USB_ReadPacket
 .text.USB_ReadInterrupts
                0x08008c9c        0x8 ./Drivers/STM32F4xx_HAL_Driver/Src/stm32f4xx_ll_usb.o
                0x08008c9c                USB_ReadInterrupts
 .text.USB_ReadChInterrupts
                0x08008ca4       0x14 ./Drivers/STM32F4xx_HAL_Driver/Src/stm32f4xx_ll_usb.o
                0x08008ca4                USB_ReadChInterrupts
 .text.USB_GetMode
                0x08008cb8        0x8 ./Drivers/STM32F4xx_HAL_Driver/Src/stm32f4xx_ll_usb.o
                0x08008cb8                USB_GetMode
 .text.USB_HostInit
                0x08008cc0      0x194 ./Drivers/STM32F4xx_HAL_Driver/Src/stm32f4xx_ll_usb.o
                0x08008cc0                USB_HostInit
 .text.USB_InitFSLSPClkSel
                0x08008e54       0x40 ./Drivers/STM32F4xx_HAL_Driver/Src/stm32f4xx_ll_usb.o
                0x08008e54                USB_InitFSLSPClkSel
 .text.USB_ResetPort
                0x08008e94       0x40 ./Drivers/STM32F4xx_HAL_Driver/Src/stm32f4xx_ll_usb.o
                0x08008e94                USB_ResetPort
 .text.USB_DriveVbus
                0x08008ed4       0x48 ./Drivers/STM32F4xx_HAL_Driver/Src/stm32f4xx_ll_usb.o
                0x08008ed4                USB_DriveVbus
 .text.USB_GetHostSpeed
                0x08008f1c       0x18 ./Drivers/STM32F4xx_HAL_Driver/Src/stm32f4xx_ll_usb.o
                0x08008f1c                USB_GetHostSpeed
 .text.USB_GetCurrentFrame
                0x08008f34        0x8 ./Drivers/STM32F4xx_HAL_Driver/Src/stm32f4xx_ll_usb.o
                0x08008f34                USB_GetCurrentFrame
 .text.USB_HC_Init
                0x08008f3c      0x134 ./Drivers/STM32F4xx_HAL_Driver/Src/stm32f4xx_ll_usb.o
                0x08008f3c                USB_HC_Init
 .text.USB_HC_StartXfer
                0x08009070      0x2dc ./Drivers/STM32F4xx_HAL_Driver/Src/stm32f4xx_ll_usb.o
                0x08009070                USB_HC_StartXfer
 .text.USB_HC_ReadInterrupt
                0x0800934c        0x8 ./Drivers/STM32F4xx_HAL_Driver/Src/stm32f4xx_ll_usb.o
                0x0800934c                USB_HC_ReadInterrupt
 .text.USB_HC_Halt
                0x08009354       0xe8 ./Drivers/STM32F4xx_HAL_Driver/Src/stm32f4xx_ll_usb.o
                0x08009354                USB_HC_Halt
 .text.USB_StopHost
                0x0800943c      0x1e0 ./Drivers/STM32F4xx_HAL_Driver/Src/stm32f4xx_ll_usb.o
                0x0800943c                USB_StopHost
 .text.USBH_CDC_SOFProcess
                0x0800961c        0x4 ./Middlewares/ST/STM32_USB_Host_Library/Class/CDC/Src/usbh_cdc.o
 .text.USBH_CDC_InterfaceDeInit
                0x08009620       0x70 ./Middlewares/ST/STM32_USB_Host_Library/Class/CDC/Src/usbh_cdc.o
 .text.USBH_CDC_InterfaceInit
                0x08009690      0x15c ./Middlewares/ST/STM32_USB_Host_Library/Class/CDC/Src/usbh_cdc.o
 .text.USBH_CDC_ClassRequest
                0x080097ec       0x30 ./Middlewares/ST/STM32_USB_Host_Library/Class/CDC/Src/usbh_cdc.o
 .text.USBH_CDC_TransmitCallback
                0x0800981c        0x4 ./Middlewares/ST/STM32_USB_Host_Library/Class/CDC/Src/usbh_cdc.o
                0x0800981c                USBH_CDC_TransmitCallback
 .text.USBH_CDC_ReceiveCallback
                0x08009820        0x4 ./Middlewares/ST/STM32_USB_Host_Library/Class/CDC/Src/usbh_cdc.o
                0x08009820                USBH_CDC_ReceiveCallback
 .text.USBH_CDC_LineCodingChanged
                0x08009824        0x4 ./Middlewares/ST/STM32_USB_Host_Library/Class/CDC/Src/usbh_cdc.o
                0x08009824                USBH_CDC_LineCodingChanged
 .text.USBH_CDC_Process
                0x08009828      0x180 ./Middlewares/ST/STM32_USB_Host_Library/Class/CDC/Src/usbh_cdc.o
 .text.USBH_Init
                0x080099a8       0x98 ./Middlewares/ST/STM32_USB_Host_Library/Core/Src/usbh_core.o
                0x080099a8                USBH_Init
 .text.USBH_RegisterClass
                0x08009a40       0x1c ./Middlewares/ST/STM32_USB_Host_Library/Core/Src/usbh_core.o
                0x08009a40                USBH_RegisterClass
 .text.USBH_SelectInterface
                0x08009a5c       0x14 ./Middlewares/ST/STM32_USB_Host_Library/Core/Src/usbh_core.o
                0x08009a5c                USBH_SelectInterface
 .text.USBH_FindInterface
                0x08009a70       0x9c ./Middlewares/ST/STM32_USB_Host_Library/Core/Src/usbh_core.o
                0x08009a70                USBH_FindInterface
 .text.USBH_Start
                0x08009b0c       0x14 ./Middlewares/ST/STM32_USB_Host_Library/Core/Src/usbh_core.o
                0x08009b0c                USBH_Start
 .text.USBH_Process
                0x08009b20      0x44c ./Middlewares/ST/STM32_USB_Host_Library/Core/Src/usbh_core.o
                0x08009b20                USBH_Process
 .text.USBH_LL_SetTimer
                0x08009f6c        0x8 ./Middlewares/ST/STM32_USB_Host_Library/Core/Src/usbh_core.o
                0x08009f6c                USBH_LL_SetTimer
 .text.USBH_LL_IncTimer
                0x08009f74       0x20 ./Middlewares/ST/STM32_USB_Host_Library/Core/Src/usbh_core.o
                0x08009f74                USBH_LL_IncTimer
 .text.USBH_LL_PortEnabled
                0x08009f94        0x8 ./Middlewares/ST/STM32_USB_Host_Library/Core/Src/usbh_core.o
                0x08009f94                USBH_LL_PortEnabled
 .text.USBH_LL_PortDisabled
                0x08009f9c       0x10 ./Middlewares/ST/STM32_USB_Host_Library/Core/Src/usbh_core.o
                0x08009f9c                USBH_LL_PortDisabled
 .text.USBH_LL_Connect
                0x08009fac       0x14 ./Middlewares/ST/STM32_USB_Host_Library/Core/Src/usbh_core.o
                0x08009fac                USBH_LL_Connect
 .text.USBH_LL_Disconnect
                0x08009fc0       0x2c ./Middlewares/ST/STM32_USB_Host_Library/Core/Src/usbh_core.o
                0x08009fc0                USBH_LL_Disconnect
 .text.USBH_Get_DevDesc
                0x08009fec      0x244 ./Middlewares/ST/STM32_USB_Host_Library/Core/Src/usbh_ctlreq.o
                0x08009fec                USBH_Get_DevDesc
 .text.USBH_Get_CfgDesc
                0x0800a230      0x550 ./Middlewares/ST/STM32_USB_Host_Library/Core/Src/usbh_ctlreq.o
                0x0800a230                USBH_Get_CfgDesc
 .text.USBH_Get_StringDesc
                0x0800a780      0x20c ./Middlewares/ST/STM32_USB_Host_Library/Core/Src/usbh_ctlreq.o
                0x0800a780                USBH_Get_StringDesc
 .text.USBH_SetAddress
                0x0800a98c      0x1b4 ./Middlewares/ST/STM32_USB_Host_Library/Core/Src/usbh_ctlreq.o
                0x0800a98c                USBH_SetAddress
 .text.USBH_SetCfg
                0x0800ab40      0x1b4 ./Middlewares/ST/STM32_USB_Host_Library/Core/Src/usbh_ctlreq.o
                0x0800ab40                USBH_SetCfg
 .text.USBH_SetFeature
                0x0800acf4      0x1b4 ./Middlewares/ST/STM32_USB_Host_Library/Core/Src/usbh_ctlreq.o
                0x0800acf4                USBH_SetFeature
 .text.USBH_ClrFeature
                0x0800aea8      0x1b4 ./Middlewares/ST/STM32_USB_Host_Library/Core/Src/usbh_ctlreq.o
                0x0800aea8                USBH_ClrFeature
 .text.USBH_CtlReq
                0x0800b05c      0x1a4 ./Middlewares/ST/STM32_USB_Host_Library/Core/Src/usbh_ctlreq.o
                0x0800b05c                USBH_CtlReq
 .text.USBH_CtlSendSetup
                0x0800b200       0x24 ./Middlewares/ST/STM32_USB_Host_Library/Core/Src/usbh_ioreq.o
                0x0800b200                USBH_CtlSendSetup
 .text.USBH_CtlSendData
                0x0800b224       0x30 ./Middlewares/ST/STM32_USB_Host_Library/Core/Src/usbh_ioreq.o
                0x0800b224                USBH_CtlSendData
 .text.USBH_CtlReceiveData
                0x0800b254       0x20 ./Middlewares/ST/STM32_USB_Host_Library/Core/Src/usbh_ioreq.o
                0x0800b254                USBH_CtlReceiveData
 .text.USBH_BulkSendData
                0x0800b274       0x30 ./Middlewares/ST/STM32_USB_Host_Library/Core/Src/usbh_ioreq.o
                0x0800b274                USBH_BulkSendData
 .text.USBH_BulkReceiveData
                0x0800b2a4       0x20 ./Middlewares/ST/STM32_USB_Host_Library/Core/Src/usbh_ioreq.o
                0x0800b2a4                USBH_BulkReceiveData
 .text.USBH_OpenPipe
                0x0800b2c4       0x20 ./Middlewares/ST/STM32_USB_Host_Library/Core/Src/usbh_pipes.o
                0x0800b2c4                USBH_OpenPipe
 .text.USBH_ClosePipe
                0x0800b2e4        0xc ./Middlewares/ST/STM32_USB_Host_Library/Core/Src/usbh_pipes.o
                0x0800b2e4                USBH_ClosePipe
 .text.USBH_AllocPipe
                0x0800b2f0       0xd0 ./Middlewares/ST/STM32_USB_Host_Library/Core/Src/usbh_pipes.o
                0x0800b2f0                USBH_AllocPipe
 .text.USBH_FreePipe
                0x0800b3c0       0x18 ./Middlewares/ST/STM32_USB_Host_Library/Core/Src/usbh_pipes.o
                0x0800b3c0                USBH_FreePipe
 .text.USBH_UserProcess
                0x0800b3d8       0x28 ./USB_HOST/App/usb_host.o
 .text.MX_USB_HOST_Init
                0x0800b400       0x54 ./USB_HOST/App/usb_host.o
                0x0800b400                MX_USB_HOST_Init
 .text.MX_USB_HOST_Process
                0x0800b454        0xc ./USB_HOST/App/usb_host.o
                0x0800b454                MX_USB_HOST_Process
 .text.HAL_HCD_MspInit
                0x0800b460       0x98 ./USB_HOST/Target/usbh_conf.o
                0x0800b460                HAL_HCD_MspInit
 .text.HAL_HCD_SOF_Callback
                0x0800b4f8        0x8 ./USB_HOST/Target/usbh_conf.o
                0x0800b4f8                HAL_HCD_SOF_Callback
 .text.HAL_HCD_Connect_Callback
                0x0800b500        0x8 ./USB_HOST/Target/usbh_conf.o
                0x0800b500                HAL_HCD_Connect_Callback
 .text.HAL_HCD_Disconnect_Callback
                0x0800b508        0x8 ./USB_HOST/Target/usbh_conf.o
                0x0800b508                HAL_HCD_Disconnect_Callback
 .text.HAL_HCD_HC_NotifyURBChange_Callback
                0x0800b510        0x4 ./USB_HOST/Target/usbh_conf.o
                0x0800b510                HAL_HCD_HC_NotifyURBChange_Callback
 .text.HAL_HCD_PortEnabled_Callback
                0x0800b514        0x8 ./USB_HOST/Target/usbh_conf.o
                0x0800b514                HAL_HCD_PortEnabled_Callback
 .text.HAL_HCD_PortDisabled_Callback
                0x0800b51c        0x8 ./USB_HOST/Target/usbh_conf.o
                0x0800b51c                HAL_HCD_PortDisabled_Callback
 .text.USBH_LL_Init
                0x0800b524       0x50 ./USB_HOST/Target/usbh_conf.o
                0x0800b524                USBH_LL_Init
 .text.USBH_LL_Start
                0x0800b574       0x18 ./USB_HOST/Target/usbh_conf.o
                0x0800b574                USBH_LL_Start
 .text.USBH_LL_Stop
                0x0800b58c       0x18 ./USB_HOST/Target/usbh_conf.o
                0x0800b58c                USBH_LL_Stop
 .text.USBH_LL_GetSpeed
                0x0800b5a4       0x18 ./USB_HOST/Target/usbh_conf.o
                0x0800b5a4                USBH_LL_GetSpeed
 .text.USBH_LL_ResetPort
                0x0800b5bc       0x18 ./USB_HOST/Target/usbh_conf.o
                0x0800b5bc                USBH_LL_ResetPort
 .text.USBH_LL_GetLastXferSize
                0x0800b5d4        0x8 ./USB_HOST/Target/usbh_conf.o
                0x0800b5d4                USBH_LL_GetLastXferSize
 .text.USBH_LL_OpenPipe
                0x0800b5dc       0x2c ./USB_HOST/Target/usbh_conf.o
                0x0800b5dc                USBH_LL_OpenPipe
 .text.USBH_LL_ClosePipe
                0x0800b608        0x4 ./USB_HOST/Target/usbh_conf.o
                0x0800b608                USBH_LL_ClosePipe
 .text.USBH_LL_SubmitURB
                0x0800b60c       0x30 ./USB_HOST/Target/usbh_conf.o
                0x0800b60c                USBH_LL_SubmitURB
 .text.USBH_LL_GetURBState
                0x0800b63c        0x8 ./USB_HOST/Target/usbh_conf.o
                0x0800b63c                USBH_LL_GetURBState
 .text.USBH_LL_DriverVBUS
                0x0800b644       0x24 ./USB_HOST/Target/usbh_conf.o
                0x0800b644                USBH_LL_DriverVBUS
 .text.USBH_LL_SetToggle
                0x0800b668       0x20 ./USB_HOST/Target/usbh_conf.o
                0x0800b668                USBH_LL_SetToggle
 .text.USBH_Delay
                0x0800b688        0x4 ./USB_HOST/Target/usbh_conf.o
                0x0800b688                USBH_Delay
 .text.MX_DriverVbusFS
                0x0800b68c       0x14 ./USB_HOST/Target/usbh_platform.o
                0x0800b68c                MX_DriverVbusFS
 .text.malloc   0x0800b6a0       0x10 C:/ST/STM32CubeIDE_2.1.1/STM32CubeIDE/plugins/com.st.stm32cube.ide.mcu.externaltools.gnu-tools-for-stm32.14.3.rel1.win32_1.0.100.202602081740/tools/bin/../lib/gcc/arm-none-eabi/14.3.1/../../../../arm-none-eabi/lib/thumb/v7e-m+fp/hard\libc_nano.a(libc_a-malloc.o)
                0x0800b6a0                malloc
 .text.free     0x0800b6b0       0x10 C:/ST/STM32CubeIDE_2.1.1/STM32CubeIDE/plugins/com.st.stm32cube.ide.mcu.externaltools.gnu-tools-for-stm32.14.3.rel1.win32_1.0.100.202602081740/tools/bin/../lib/gcc/arm-none-eabi/14.3.1/../../../../arm-none-eabi/lib/thumb/v7e-m+fp/hard\libc_nano.a(libc_a-malloc.o)
                0x0800b6b0                free
 .text.sbrk_aligned
                0x0800b6c0       0x44 C:/ST/STM32CubeIDE_2.1.1/STM32CubeIDE/plugins/com.st.stm32cube.ide.mcu.externaltools.gnu-tools-for-stm32.14.3.rel1.win32_1.0.100.202602081740/tools/bin/../lib/gcc/arm-none-eabi/14.3.1/../../../../arm-none-eabi/lib/thumb/v7e-m+fp/hard\libc_nano.a(libc_a-mallocr.o)
 .text._malloc_r
                0x0800b704      0x100 C:/ST/STM32CubeIDE_2.1.1/STM32CubeIDE/plugins/com.st.stm32cube.ide.mcu.externaltools.gnu-tools-for-stm32.14.3.rel1.win32_1.0.100.202602081740/tools/bin/../lib/gcc/arm-none-eabi/14.3.1/../../../../arm-none-eabi/lib/thumb/v7e-m+fp/hard\libc_nano.a(libc_a-mallocr.o)
                0x0800b704                _malloc_r
 .text.__malloc_lock
                0x0800b804        0xc C:/ST/STM32CubeIDE_2.1.1/STM32CubeIDE/plugins/com.st.stm32cube.ide.mcu.externaltools.gnu-tools-for-stm32.14.3.rel1.win32_1.0.100.202602081740/tools/bin/../lib/gcc/arm-none-eabi/14.3.1/../../../../arm-none-eabi/lib/thumb/v7e-m+fp/hard\libc_nano.a(libc_a-mlock.o)
                0x0800b804                __malloc_lock
 .text.__malloc_unlock
                0x0800b810        0xc C:/ST/STM32CubeIDE_2.1.1/STM32CubeIDE/plugins/com.st.stm32cube.ide.mcu.externaltools.gnu-tools-for-stm32.14.3.rel1.win32_1.0.100.202602081740/tools/bin/../lib/gcc/arm-none-eabi/14.3.1/../../../../arm-none-eabi/lib/thumb/v7e-m+fp/hard\libc_nano.a(libc_a-mlock.o)
                0x0800b810                __malloc_unlock
 .text.std      0x0800b81c       0x6c C:/ST/STM32CubeIDE_2.1.1/STM32CubeIDE/plugins/com.st.stm32cube.ide.mcu.externaltools.gnu-tools-for-stm32.14.3.rel1.win32_1.0.100.202602081740/tools/bin/../lib/gcc/arm-none-eabi/14.3.1/../../../../arm-none-eabi/lib/thumb/v7e-m+fp/hard\libc_nano.a(libc_a-findfp.o)
 .text.stdio_exit_handler
                0x0800b888       0x18 C:/ST/STM32CubeIDE_2.1.1/STM32CubeIDE/plugins/com.st.stm32cube.ide.mcu.externaltools.gnu-tools-for-stm32.14.3.rel1.win32_1.0.100.202602081740/tools/bin/../lib/gcc/arm-none-eabi/14.3.1/../../../../arm-none-eabi/lib/thumb/v7e-m+fp/hard\libc_nano.a(libc_a-findfp.o)
 .text.cleanup_stdio
                0x0800b8a0       0x40 C:/ST/STM32CubeIDE_2.1.1/STM32CubeIDE/plugins/com.st.stm32cube.ide.mcu.externaltools.gnu-tools-for-stm32.14.3.rel1.win32_1.0.100.202602081740/tools/bin/../lib/gcc/arm-none-eabi/14.3.1/../../../../arm-none-eabi/lib/thumb/v7e-m+fp/hard\libc_nano.a(libc_a-findfp.o)
 .text.global_stdio_init.part.0
                0x0800b8e0       0x40 C:/ST/STM32CubeIDE_2.1.1/STM32CubeIDE/plugins/com.st.stm32cube.ide.mcu.externaltools.gnu-tools-for-stm32.14.3.rel1.win32_1.0.100.202602081740/tools/bin/../lib/gcc/arm-none-eabi/14.3.1/../../../../arm-none-eabi/lib/thumb/v7e-m+fp/hard\libc_nano.a(libc_a-findfp.o)
 .text.__sfp_lock_acquire
                0x0800b920        0xc C:/ST/STM32CubeIDE_2.1.1/STM32CubeIDE/plugins/com.st.stm32cube.ide.mcu.externaltools.gnu-tools-for-stm32.14.3.rel1.win32_1.0.100.202602081740/tools/bin/../lib/gcc/arm-none-eabi/14.3.1/../../../../arm-none-eabi/lib/thumb/v7e-m+fp/hard\libc_nano.a(libc_a-findfp.o)
                0x0800b920                __sfp_lock_acquire
 .text.__sfp_lock_release
                0x0800b92c        0xc C:/ST/STM32CubeIDE_2.1.1/STM32CubeIDE/plugins/com.st.stm32cube.ide.mcu.externaltools.gnu-tools-for-stm32.14.3.rel1.win32_1.0.100.202602081740/tools/bin/../lib/gcc/arm-none-eabi/14.3.1/../../../../arm-none-eabi/lib/thumb/v7e-m+fp/hard\libc_nano.a(libc_a-findfp.o)
                0x0800b92c                __sfp_lock_release
 .text.__sinit  0x0800b938       0x30 C:/ST/STM32CubeIDE_2.1.1/STM32CubeIDE/plugins/com.st.stm32cube.ide.mcu.externaltools.gnu-tools-for-stm32.14.3.rel1.win32_1.0.100.202602081740/tools/bin/../lib/gcc/arm-none-eabi/14.3.1/../../../../arm-none-eabi/lib/thumb/v7e-m+fp/hard\libc_nano.a(libc_a-findfp.o)
                0x0800b938                __sinit
 .text._fwalk_sglue
                0x0800b968       0x3c C:/ST/STM32CubeIDE_2.1.1/STM32CubeIDE/plugins/com.st.stm32cube.ide.mcu.externaltools.gnu-tools-for-stm32.14.3.rel1.win32_1.0.100.202602081740/tools/bin/../lib/gcc/arm-none-eabi/14.3.1/../../../../arm-none-eabi/lib/thumb/v7e-m+fp/hard\libc_nano.a(libc_a-fwalk.o)
                0x0800b968                _fwalk_sglue
 .text.printf   0x0800b9a4       0x24 C:/ST/STM32CubeIDE_2.1.1/STM32CubeIDE/plugins/com.st.stm32cube.ide.mcu.externaltools.gnu-tools-for-stm32.14.3.rel1.win32_1.0.100.202602081740/tools/bin/../lib/gcc/arm-none-eabi/14.3.1/../../../../arm-none-eabi/lib/thumb/v7e-m+fp/hard\libc_nano.a(libc_a-printf.o)
                0x0800b9a4                iprintf
                0x0800b9a4                printf
 .text.__sread  0x0800b9c8       0x22 C:/ST/STM32CubeIDE_2.1.1/STM32CubeIDE/plugins/com.st.stm32cube.ide.mcu.externaltools.gnu-tools-for-stm32.14.3.rel1.win32_1.0.100.202602081740/tools/bin/../lib/gcc/arm-none-eabi/14.3.1/../../../../arm-none-eabi/lib/thumb/v7e-m+fp/hard\libc_nano.a(libc_a-stdio.o)
                0x0800b9c8                __sread
 .text.__swrite
                0x0800b9ea       0x38 C:/ST/STM32CubeIDE_2.1.1/STM32CubeIDE/plugins/com.st.stm32cube.ide.mcu.externaltools.gnu-tools-for-stm32.14.3.rel1.win32_1.0.100.202602081740/tools/bin/../lib/gcc/arm-none-eabi/14.3.1/../../../../arm-none-eabi/lib/thumb/v7e-m+fp/hard\libc_nano.a(libc_a-stdio.o)
                0x0800b9ea                __swrite
 .text.__sseek  0x0800ba22       0x26 C:/ST/STM32CubeIDE_2.1.1/STM32CubeIDE/plugins/com.st.stm32cube.ide.mcu.externaltools.gnu-tools-for-stm32.14.3.rel1.win32_1.0.100.202602081740/tools/bin/../lib/gcc/arm-none-eabi/14.3.1/../../../../arm-none-eabi/lib/thumb/v7e-m+fp/hard\libc_nano.a(libc_a-stdio.o)
                0x0800ba22                __sseek
 .text.__sclose
                0x0800ba48        0x8 C:/ST/STM32CubeIDE_2.1.1/STM32CubeIDE/plugins/com.st.stm32cube.ide.mcu.externaltools.gnu-tools-for-stm32.14.3.rel1.win32_1.0.100.202602081740/tools/bin/../lib/gcc/arm-none-eabi/14.3.1/../../../../arm-none-eabi/lib/thumb/v7e-m+fp/hard\libc_nano.a(libc_a-stdio.o)
                0x0800ba48                __sclose
 .text.__swbuf_r
                0x0800ba50       0x7c C:/ST/STM32CubeIDE_2.1.1/STM32CubeIDE/plugins/com.st.stm32cube.ide.mcu.externaltools.gnu-tools-for-stm32.14.3.rel1.win32_1.0.100.202602081740/tools/bin/../lib/gcc/arm-none-eabi/14.3.1/../../../../arm-none-eabi/lib/thumb/v7e-m+fp/hard\libc_nano.a(libc_a-wbuf.o)
                0x0800ba50                __swbuf_r
 .text.__swsetup_r
                0x0800bacc       0xa8 C:/ST/STM32CubeIDE_2.1.1/STM32CubeIDE/plugins/com.st.stm32cube.ide.mcu.externaltools.gnu-tools-for-stm32.14.3.rel1.win32_1.0.100.202602081740/tools/bin/../lib/gcc/arm-none-eabi/14.3.1/../../../../arm-none-eabi/lib/thumb/v7e-m+fp/hard\libc_nano.a(libc_a-wsetup.o)
                0x0800bacc                __swsetup_r
 .text.memcmp   0x0800bb74       0x20 C:/ST/STM32CubeIDE_2.1.1/STM32CubeIDE/plugins/com.st.stm32cube.ide.mcu.externaltools.gnu-tools-for-stm32.14.3.rel1.win32_1.0.100.202602081740/tools/bin/../lib/gcc/arm-none-eabi/14.3.1/../../../../arm-none-eabi/lib/thumb/v7e-m+fp/hard\libc_nano.a(libc_a-memcmp.o)
                0x0800bb74                memcmp
 .text.memset   0x0800bb94       0x10 C:/ST/STM32CubeIDE_2.1.1/STM32CubeIDE/plugins/com.st.stm32cube.ide.mcu.externaltools.gnu-tools-for-stm32.14.3.rel1.win32_1.0.100.202602081740/tools/bin/../lib/gcc/arm-none-eabi/14.3.1/../../../../arm-none-eabi/lib/thumb/v7e-m+fp/hard\libc_nano.a(libc_a-memset.o)
                0x0800bb94                memset
 .text._close_r
                0x0800bba4       0x20 C:/ST/STM32CubeIDE_2.1.1/STM32CubeIDE/plugins/com.st.stm32cube.ide.mcu.externaltools.gnu-tools-for-stm32.14.3.rel1.win32_1.0.100.202602081740/tools/bin/../lib/gcc/arm-none-eabi/14.3.1/../../../../arm-none-eabi/lib/thumb/v7e-m+fp/hard\libc_nano.a(libc_a-closer.o)
                0x0800bba4                _close_r
 .text._lseek_r
                0x0800bbc4       0x24 C:/ST/STM32CubeIDE_2.1.1/STM32CubeIDE/plugins/com.st.stm32cube.ide.mcu.externaltools.gnu-tools-for-stm32.14.3.rel1.win32_1.0.100.202602081740/tools/bin/../lib/gcc/arm-none-eabi/14.3.1/../../../../arm-none-eabi/lib/thumb/v7e-m+fp/hard\libc_nano.a(libc_a-lseekr.o)
                0x0800bbc4                _lseek_r
 .text._read_r  0x0800bbe8       0x24 C:/ST/STM32CubeIDE_2.1.1/STM32CubeIDE/plugins/com.st.stm32cube.ide.mcu.externaltools.gnu-tools-for-stm32.14.3.rel1.win32_1.0.100.202602081740/tools/bin/../lib/gcc/arm-none-eabi/14.3.1/../../../../arm-none-eabi/lib/thumb/v7e-m+fp/hard\libc_nano.a(libc_a-readr.o)
                0x0800bbe8                _read_r
 .text._sbrk_r  0x0800bc0c       0x20 C:/ST/STM32CubeIDE_2.1.1/STM32CubeIDE/plugins/com.st.stm32cube.ide.mcu.externaltools.gnu-tools-for-stm32.14.3.rel1.win32_1.0.100.202602081740/tools/bin/../lib/gcc/arm-none-eabi/14.3.1/../../../../arm-none-eabi/lib/thumb/v7e-m+fp/hard\libc_nano.a(libc_a-sbrkr.o)
                0x0800bc0c                _sbrk_r
 .text._write_r
                0x0800bc2c       0x24 C:/ST/STM32CubeIDE_2.1.1/STM32CubeIDE/plugins/com.st.stm32cube.ide.mcu.externaltools.gnu-tools-for-stm32.14.3.rel1.win32_1.0.100.202602081740/tools/bin/../lib/gcc/arm-none-eabi/14.3.1/../../../../arm-none-eabi/lib/thumb/v7e-m+fp/hard\libc_nano.a(libc_a-writer.o)
                0x0800bc2c                _write_r
 .text.__errno  0x0800bc50        0xc C:/ST/STM32CubeIDE_2.1.1/STM32CubeIDE/plugins/com.st.stm32cube.ide.mcu.externaltools.gnu-tools-for-stm32.14.3.rel1.win32_1.0.100.202602081740/tools/bin/../lib/gcc/arm-none-eabi/14.3.1/../../../../arm-none-eabi/lib/thumb/v7e-m+fp/hard\libc_nano.a(libc_a-errno.o)
                0x0800bc50                __errno
 .text.__libc_init_array
                0x0800bc5c       0x48 C:/ST/STM32CubeIDE_2.1.1/STM32CubeIDE/plugins/com.st.stm32cube.ide.mcu.externaltools.gnu-tools-for-stm32.14.3.rel1.win32_1.0.100.202602081740/tools/bin/../lib/gcc/arm-none-eabi/14.3.1/../../../../arm-none-eabi/lib/thumb/v7e-m+fp/hard\libc_nano.a(libc_a-init.o)
                0x0800bc5c                __libc_init_array
 .text.__retarget_lock_init_recursive
                0x0800bca4        0x2 C:/ST/STM32CubeIDE_2.1.1/STM32CubeIDE/plugins/com.st.stm32cube.ide.mcu.externaltools.gnu-tools-for-stm32.14.3.rel1.win32_1.0.100.202602081740/tools/bin/../lib/gcc/arm-none-eabi/14.3.1/../../../../arm-none-eabi/lib/thumb/v7e-m+fp/hard\libc_nano.a(libc_a-lock.o)
                0x0800bca4                __retarget_lock_init_recursive
 .text.__retarget_lock_acquire_recursive
                0x0800bca6        0x2 C:/ST/STM32CubeIDE_2.1.1/STM32CubeIDE/plugins/com.st.stm32cube.ide.mcu.externaltools.gnu-tools-for-stm32.14.3.rel1.win32_1.0.100.202602081740/tools/bin/../lib/gcc/arm-none-eabi/14.3.1/../../../../arm-none-eabi/lib/thumb/v7e-m+fp/hard\libc_nano.a(libc_a-lock.o)
                0x0800bca6                __retarget_lock_acquire_recursive
 .text.__retarget_lock_release_recursive
                0x0800bca8        0x2 C:/ST/STM32CubeIDE_2.1.1/STM32CubeIDE/plugins/com.st.stm32cube.ide.mcu.externaltools.gnu-tools-for-stm32.14.3.rel1.win32_1.0.100.202602081740/tools/bin/../lib/gcc/arm-none-eabi/14.3.1/../../../../arm-none-eabi/lib/thumb/v7e-m+fp/hard\libc_nano.a(libc_a-lock.o)
                0x0800bca8                __retarget_lock_release_recursive
 .text.memcpy   0x0800bcaa       0x1c C:/ST/STM32CubeIDE_2.1.1/STM32CubeIDE/plugins/com.st.stm32cube.ide.mcu.externaltools.gnu-tools-for-stm32.14.3.rel1.win32_1.0.100.202602081740/tools/bin/../lib/gcc/arm-none-eabi/14.3.1/../../../../arm-none-eabi/lib/thumb/v7e-m+fp/hard\libc_nano.a(libc_a-memcpy-stub.o)
                0x0800bcaa                memcpy
 *fill*         0x0800bcc6        0x2 
 .text._free_r  0x0800bcc8       0x94 C:/ST/STM32CubeIDE_2.1.1/STM32CubeIDE/plugins/com.st.stm32cube.ide.mcu.externaltools.gnu-tools-for-stm32.14.3.rel1.win32_1.0.100.202602081740/tools/bin/../lib/gcc/arm-none-eabi/14.3.1/../../../../arm-none-eabi/lib/thumb/v7e-m+fp/hard\libc_nano.a(libc_a-freer.o)
                0x0800bcc8                _free_r
 .text.__sfputc_r
                0x0800bd5c       0x2e C:/ST/STM32CubeIDE_2.1.1/STM32CubeIDE/plugins/com.st.stm32cube.ide.mcu.externaltools.gnu-tools-for-stm32.14.3.rel1.win32_1.0.100.202602081740/tools/bin/../lib/gcc/arm-none-eabi/14.3.1/../../../../arm-none-eabi/lib/thumb/v7e-m+fp/hard\libc_nano.a(libc_a-nano-vfprintf.o)
 .text.__sfputs_r
                0x0800bd8a       0x24 C:/ST/STM32CubeIDE_2.1.1/STM32CubeIDE/plugins/com.st.stm32cube.ide.mcu.externaltools.gnu-tools-for-stm32.14.3.rel1.win32_1.0.100.202602081740/tools/bin/../lib/gcc/arm-none-eabi/14.3.1/../../../../arm-none-eabi/lib/thumb/v7e-m+fp/hard\libc_nano.a(libc_a-nano-vfprintf.o)
                0x0800bd8a                __sfputs_r
 *fill*         0x0800bdae        0x2 
 .text._vfprintf_r
                0x0800bdb0      0x228 C:/ST/STM32CubeIDE_2.1.1/STM32CubeIDE/plugins/com.st.stm32cube.ide.mcu.externaltools.gnu-tools-for-stm32.14.3.rel1.win32_1.0.100.202602081740/tools/bin/../lib/gcc/arm-none-eabi/14.3.1/../../../../arm-none-eabi/lib/thumb/v7e-m+fp/hard\libc_nano.a(libc_a-nano-vfprintf.o)
                0x0800bdb0                _vfprintf_r
                0x0800bdb0                _vfiprintf_r
 .text._printf_common
                0x0800bfd8       0xda C:/ST/STM32CubeIDE_2.1.1/STM32CubeIDE/plugins/com.st.stm32cube.ide.mcu.externaltools.gnu-tools-for-stm32.14.3.rel1.win32_1.0.100.202602081740/tools/bin/../lib/gcc/arm-none-eabi/14.3.1/../../../../arm-none-eabi/lib/thumb/v7e-m+fp/hard\libc_nano.a(libc_a-nano-vfprintf_i.o)
                0x0800bfd8                _printf_common
 *fill*         0x0800c0b2        0x2 
 .text._printf_i
                0x0800c0b4      0x24c C:/ST/STM32CubeIDE_2.1.1/STM32CubeIDE/plugins/com.st.stm32cube.ide.mcu.externaltools.gnu-tools-for-stm32.14.3.rel1.win32_1.0.100.202602081740/tools/bin/../lib/gcc/arm-none-eabi/14.3.1/../../../../arm-none-eabi/lib/thumb/v7e-m+fp/hard\libc_nano.a(libc_a-nano-vfprintf_i.o)
                0x0800c0b4                _printf_i
 .text.__sflush_r
                0x0800c300      0x104 C:/ST/STM32CubeIDE_2.1.1/STM32CubeIDE/plugins/com.st.stm32cube.ide.mcu.externaltools.gnu-tools-for-stm32.14.3.rel1.win32_1.0.100.202602081740/tools/bin/../lib/gcc/arm-none-eabi/14.3.1/../../../../arm-none-eabi/lib/thumb/v7e-m+fp/hard\libc_nano.a(libc_a-fflush.o)
                0x0800c300                __sflush_r
 .text._fflush_r
                0x0800c404       0x50 C:/ST/STM32CubeIDE_2.1.1/STM32CubeIDE/plugins/com.st.stm32cube.ide.mcu.externaltools.gnu-tools-for-stm32.14.3.rel1.win32_1.0.100.202602081740/tools/bin/../lib/gcc/arm-none-eabi/14.3.1/../../../../arm-none-eabi/lib/thumb/v7e-m+fp/hard\libc_nano.a(libc_a-fflush.o)
                0x0800c404                _fflush_r
 .text.__swhatbuf_r
                0x0800c454       0x48 C:/ST/STM32CubeIDE_2.1.1/STM32CubeIDE/plugins/com.st.stm32cube.ide.mcu.externaltools.gnu-tools-for-stm32.14.3.rel1.win32_1.0.100.202602081740/tools/bin/../lib/gcc/arm-none-eabi/14.3.1/../../../../arm-none-eabi/lib/thumb/v7e-m+fp/hard\libc_nano.a(libc_a-makebuf.o)
                0x0800c454                __swhatbuf_r
 .text.__smakebuf_r
                0x0800c49c       0x72 C:/ST/STM32CubeIDE_2.1.1/STM32CubeIDE/plugins/com.st.stm32cube.ide.mcu.externaltools.gnu-tools-for-stm32.14.3.rel1.win32_1.0.100.202602081740/tools/bin/../lib/gcc/arm-none-eabi/14.3.1/../../../../arm-none-eabi/lib/thumb/v7e-m+fp/hard\libc_nano.a(libc_a-makebuf.o)
                0x0800c49c                __smakebuf_r
 *fill*         0x0800c50e        0x2 
 .text._fstat_r
                0x0800c510       0x24 C:/ST/STM32CubeIDE_2.1.1/STM32CubeIDE/plugins/com.st.stm32cube.ide.mcu.externaltools.gnu-tools-for-stm32.14.3.rel1.win32_1.0.100.202602081740/tools/bin/../lib/gcc/arm-none-eabi/14.3.1/../../../../arm-none-eabi/lib/thumb/v7e-m+fp/hard\libc_nano.a(libc_a-fstatr.o)
                0x0800c510                _fstat_r
 .text._isatty_r
                0x0800c534       0x20 C:/ST/STM32CubeIDE_2.1.1/STM32CubeIDE/plugins/com.st.stm32cube.ide.mcu.externaltools.gnu-tools-for-stm32.14.3.rel1.win32_1.0.100.202602081740/tools/bin/../lib/gcc/arm-none-eabi/14.3.1/../../../../arm-none-eabi/lib/thumb/v7e-m+fp/hard\libc_nano.a(libc_a-isattyr.o)
                0x0800c534                _isatty_r
 *(.glue_7)
 .glue_7        0x0800c554        0x0 linker stubs
 *(.glue_7t)
 .glue_7t       0x0800c554        0x0 linker stubs
 *(.eh_frame)
 .eh_frame      0x0800c554        0x0 C:/ST/STM32CubeIDE_2.1.1/STM32CubeIDE/plugins/com.st.stm32cube.ide.mcu.externaltools.gnu-tools-for-stm32.14.3.rel1.win32_1.0.100.202602081740/tools/bin/../lib/gcc/arm-none-eabi/14.3.1/thumb/v7e-m+fp/hard/crtbegin.o
 *(.init)
 .init          0x0800c554        0x4 C:/ST/STM32CubeIDE_2.1.1/STM32CubeIDE/plugins/com.st.stm32cube.ide.mcu.externaltools.gnu-tools-for-stm32.14.3.rel1.win32_1.0.100.202602081740/tools/bin/../lib/gcc/arm-none-eabi/14.3.1/thumb/v7e-m+fp/hard/crti.o
                0x0800c554                _init
 .init          0x0800c558        0x8 C:/ST/STM32CubeIDE_2.1.1/STM32CubeIDE/plugins/com.st.stm32cube.ide.mcu.externaltools.gnu-tools-for-stm32.14.3.rel1.win32_1.0.100.202602081740/tools/bin/../lib/gcc/arm-none-eabi/14.3.1/thumb/v7e-m+fp/hard/crtn.o
 *(.fini)
 .fini          0x0800c560        0x4 C:/ST/STM32CubeIDE_2.1.1/STM32CubeIDE/plugins/com.st.stm32cube.ide.mcu.externaltools.gnu-tools-for-stm32.14.3.rel1.win32_1.0.100.202602081740/tools/bin/../lib/gcc/arm-none-eabi/14.3.1/thumb/v7e-m+fp/hard/crti.o
                0x0800c560                _fini
 .fini          0x0800c564        0x8 C:/ST/STM32CubeIDE_2.1.1/STM32CubeIDE/plugins/com.st.stm32cube.ide.mcu.externaltools.gnu-tools-for-stm32.14.3.rel1.win32_1.0.100.202602081740/tools/bin/../lib/gcc/arm-none-eabi/14.3.1/thumb/v7e-m+fp/hard/crtn.o
                0x0800c56c                        . = ALIGN (0x4)
                0x0800c56c                        _etext = .

.vfp11_veneer   0x0800c56c        0x0
 .vfp11_veneer  0x0800c56c        0x0 linker stubs

.v4_bx          0x0800c56c        0x0
 .v4_bx         0x0800c56c        0x0 linker stubs

.iplt           0x0800c56c        0x0
 .iplt          0x0800c56c        0x0 C:/ST/STM32CubeIDE_2.1.1/STM32CubeIDE/plugins/com.st.stm32cube.ide.mcu.externaltools.gnu-tools-for-stm32.14.3.rel1.win32_1.0.100.202602081740/tools/bin/../lib/gcc/arm-none-eabi/14.3.1/thumb/v7e-m+fp/hard/crtbegin.o

.rodata         0x0800c56c      0x780
                0x0800c56c                        . = ALIGN (0x4)
 *(.rodata)
 *(.rodata*)
 .rodata.main.str1.4
                0x0800c56c       0x34 ./Core/Src/main.o
                                 0x2e (size before relaxing)
 .rodata.zetas_inv_CT_asm
                0x0800c5a0      0x400 ./Core/Src/ntt.o
                0x0800c5a0                zetas_inv_CT_asm
 .rodata.zetas_asm
                0x0800c9a0      0x200 ./Core/Src/ntt.o
                0x0800c9a0                zetas_asm
 .rodata.zetas  0x0800cba0      0x100 ./Core/Src/ntt.o
                0x0800cba0                zetas
 .rodata.APBPrescTable
                0x0800cca0        0x8 ./Core/Src/system_stm32f4xx.o
                0x0800cca0                APBPrescTable
 .rodata.AHBPrescTable
                0x0800cca8       0x10 ./Core/Src/system_stm32f4xx.o
                0x0800cca8                AHBPrescTable
 .rodata.str1.4
                0x0800ccb8        0x4 ./Middlewares/ST/STM32_USB_Host_Library/Class/CDC/Src/usbh_cdc.o
 .rodata._vfprintf_r.str1.1
                0x0800ccb8       0x33 C:/ST/STM32CubeIDE_2.1.1/STM32CubeIDE/plugins/com.st.stm32cube.ide.mcu.externaltools.gnu-tools-for-stm32.14.3.rel1.win32_1.0.100.202602081740/tools/bin/../lib/gcc/arm-none-eabi/14.3.1/../../../../arm-none-eabi/lib/thumb/v7e-m+fp/hard\libc_nano.a(libc_a-nano-vfprintf.o)
                                 0x11 (size before relaxing)
 .rodata._printf_i.str1.1
                0x0800cceb       0x22 C:/ST/STM32CubeIDE_2.1.1/STM32CubeIDE/plugins/com.st.stm32cube.ide.mcu.externaltools.gnu-tools-for-stm32.14.3.rel1.win32_1.0.100.202602081740/tools/bin/../lib/gcc/arm-none-eabi/14.3.1/../../../../arm-none-eabi/lib/thumb/v7e-m+fp/hard\libc_nano.a(libc_a-nano-vfprintf_i.o)
                0x0800cd10                        . = ALIGN (0x4)
 *fill*         0x0800cceb        0x1 

.ARM.extab      0x0800ccec        0x0
                0x0800ccec                        . = ALIGN (0x4)
 *(.ARM.extab* .gnu.linkonce.armextab.*)
                0x0800ccec                        . = ALIGN (0x4)

.ARM            0x0800ccec        0x8
                0x0800ccec                        . = ALIGN (0x4)
                0x0800ccec                        __exidx_start = .
 *(.ARM.exidx*)
 .ARM.exidx     0x0800ccec        0x8 C:/ST/STM32CubeIDE_2.1.1/STM32CubeIDE/plugins/com.st.stm32cube.ide.mcu.externaltools.gnu-tools-for-stm32.14.3.rel1.win32_1.0.100.202602081740/tools/bin/../lib/gcc/arm-none-eabi/14.3.1/../../../../arm-none-eabi/lib/thumb/v7e-m+fp/hard\libc_nano.a(libc_a-memchr.o)
 .ARM.exidx     0x0800ccf4        0x0 C:/ST/STM32CubeIDE_2.1.1/STM32CubeIDE/plugins/com.st.stm32cube.ide.mcu.externaltools.gnu-tools-for-stm32.14.3.rel1.win32_1.0.100.202602081740/tools/bin/../lib/gcc/arm-none-eabi/14.3.1/thumb/v7e-m+fp/hard\libgcc.a(_udivmoddi4.o)
                                  0x8 (size before relaxing)
                0x0800ccf4                        __exidx_end = .
                0x0800ccf4                        . = ALIGN (0x4)

.preinit_array  0x0800ccf4        0x0
                0x0800ccf4                        . = ALIGN (0x4)
                0x0800ccf4                        PROVIDE (__preinit_array_start = .)
 *(.preinit_array*)
                0x0800ccf4                        PROVIDE (__preinit_array_end = .)
                0x0800ccf4                        . = ALIGN (0x4)

.init_array     0x0800ccf4        0x4
                0x0800ccf4                        . = ALIGN (0x4)
                0x0800ccf4                        PROVIDE (__init_array_start = .)
 *(SORT_BY_NAME(.init_array.*))
 *(.init_array*)
 .init_array    0x0800ccf4        0x4 C:/ST/STM32CubeIDE_2.1.1/STM32CubeIDE/plugins/com.st.stm32cube.ide.mcu.externaltools.gnu-tools-for-stm32.14.3.rel1.win32_1.0.100.202602081740/tools/bin/../lib/gcc/arm-none-eabi/14.3.1/thumb/v7e-m+fp/hard/crtbegin.o
                0x0800ccf8                        PROVIDE (__init_array_end = .)
                0x0800ccf8                        . = ALIGN (0x4)

.fini_array     0x0800ccf8        0x4
                0x0800ccf8                        . = ALIGN (0x4)
                [!provide]                        PROVIDE (__fini_array_start = .)
 *(SORT_BY_NAME(.fini_array.*))
 *(.fini_array*)
 .fini_array    0x0800ccf8        0x4 C:/ST/STM32CubeIDE_2.1.1/STM32CubeIDE/plugins/com.st.stm32cube.ide.mcu.externaltools.gnu-tools-for-stm32.14.3.rel1.win32_1.0.100.202602081740/tools/bin/../lib/gcc/arm-none-eabi/14.3.1/thumb/v7e-m+fp/hard/crtbegin.o
                [!provide]                        PROVIDE (__fini_array_end = .)
                0x0800ccfc                        . = ALIGN (0x4)
                0x0800ccfc                        _sidata = LOADADDR (.data)

.rel.dyn        0x0800ccfc        0x0
 .rel.iplt      0x0800ccfc        0x0 C:/ST/STM32CubeIDE_2.1.1/STM32CubeIDE/plugins/com.st.stm32cube.ide.mcu.externaltools.gnu-tools-for-stm32.14.3.rel1.win32_1.0.100.202602081740/tools/bin/../lib/gcc/arm-none-eabi/14.3.1/thumb/v7e-m+fp/hard/crtbegin.o

.data           0x20000000       0x88 load address 0x0800ccfc
                0x20000000                        . = ALIGN (0x4)
                0x20000000                        _sdata = .
 *(.data)
 *(.data*)
 .data.SystemCoreClock
                0x20000000        0x4 ./Core/Src/system_stm32f4xx.o
                0x20000000                SystemCoreClock
 .data.uwTickFreq
                0x20000004        0x1 ./Drivers/STM32F4xx_HAL_Driver/Src/stm32f4xx_hal.o
                0x20000004                uwTickFreq
 *fill*         0x20000005        0x3 
 .data.uwTickPrio
                0x20000008        0x4 ./Drivers/STM32F4xx_HAL_Driver/Src/stm32f4xx_hal.o
                0x20000008                uwTickPrio
 .data.CDC_Class
                0x2000000c       0x20 ./Middlewares/ST/STM32_USB_Host_Library/Class/CDC/Src/usbh_cdc.o
                0x2000000c                CDC_Class
 .data.__sglue  0x2000002c        0xc C:/ST/STM32CubeIDE_2.1.1/STM32CubeIDE/plugins/com.st.stm32cube.ide.mcu.externaltools.gnu-tools-for-stm32.14.3.rel1.win32_1.0.100.202602081740/tools/bin/../lib/gcc/arm-none-eabi/14.3.1/../../../../arm-none-eabi/lib/thumb/v7e-m+fp/hard\libc_nano.a(libc_a-findfp.o)
                0x2000002c                __sglue
 .data._impure_ptr
                0x20000038        0x4 C:/ST/STM32CubeIDE_2.1.1/STM32CubeIDE/plugins/com.st.stm32cube.ide.mcu.externaltools.gnu-tools-for-stm32.14.3.rel1.win32_1.0.100.202602081740/tools/bin/../lib/gcc/arm-none-eabi/14.3.1/../../../../arm-none-eabi/lib/thumb/v7e-m+fp/hard\libc_nano.a(libc_a-impure.o)
                0x20000038                _impure_ptr
 .data._impure_data
                0x2000003c       0x4c C:/ST/STM32CubeIDE_2.1.1/STM32CubeIDE/plugins/com.st.stm32cube.ide.mcu.externaltools.gnu-tools-for-stm32.14.3.rel1.win32_1.0.100.202602081740/tools/bin/../lib/gcc/arm-none-eabi/14.3.1/../../../../arm-none-eabi/lib/thumb/v7e-m+fp/hard\libc_nano.a(libc_a-impure.o)
                0x2000003c                _impure_data
 *(.RamFunc)
 *(.RamFunc*)
                0x20000088                        . = ALIGN (0x4)
                0x20000088                        _edata = .
                0x0800cd84                        _siccmram = LOADADDR (.ccmram)

.igot.plt       0x20000088        0x0 load address 0x0800cd84
 .igot.plt      0x20000088        0x0 C:/ST/STM32CubeIDE_2.1.1/STM32CubeIDE/plugins/com.st.stm32cube.ide.mcu.externaltools.gnu-tools-for-stm32.14.3.rel1.win32_1.0.100.202602081740/tools/bin/../lib/gcc/arm-none-eabi/14.3.1/thumb/v7e-m+fp/hard/crtbegin.o

.ccmram         0x10000000        0x0 load address 0x0800cd84
                0x10000000                        . = ALIGN (0x4)
                0x10000000                        _sccmram = .
 *(.ccmram)
 *(.ccmram*)
                0x10000000                        . = ALIGN (0x4)
                0x10000000                        _eccmram = .
                0x10000000                        . = ALIGN (0x4)

.bss            0x20000088      0xa34
                0x20000088                        _sbss = .
                0x20000088                        __bss_start__ = _sbss
 *(.bss)
 .bss           0x20000088       0x1c C:/ST/STM32CubeIDE_2.1.1/STM32CubeIDE/plugins/com.st.stm32cube.ide.mcu.externaltools.gnu-tools-for-stm32.14.3.rel1.win32_1.0.100.202602081740/tools/bin/../lib/gcc/arm-none-eabi/14.3.1/thumb/v7e-m+fp/hard/crtbegin.o
 *(.bss*)
 .bss.result_tls13_psk_kyber
                0x200000a4        0x4 ./Core/Src/main.o
                0x200000a4                result_tls13_psk_kyber
 .bss.hspi1     0x200000a8       0x58 ./Core/Src/main.o
                0x200000a8                hspi1
 .bss.hrng      0x20000100       0x10 ./Core/Src/main.o
                0x20000100                hrng
 .bss.hi2s3     0x20000110       0x48 ./Core/Src/main.o
                0x20000110                hi2s3
 .bss.hi2c1     0x20000158       0x54 ./Core/Src/main.o
                0x20000158                hi2c1
 .bss.__sbrk_heap_end
                0x200001ac        0x4 ./Core/Src/sysmem.o
 .bss.uwTick    0x200001b0        0x4 ./Drivers/STM32F4xx_HAL_Driver/Src/stm32f4xx_hal.o
                0x200001b0                uwTick
 .bss.Appli_state
                0x200001b4        0x1 ./USB_HOST/App/usb_host.o
                0x200001b4                Appli_state
 *fill*         0x200001b5        0x3 
 .bss.hUsbHostFS
                0x200001b8      0x3d8 ./USB_HOST/App/usb_host.o
                0x200001b8                hUsbHostFS
 .bss.hhcd_USB_OTG_FS
                0x20000590      0x3e0 ./USB_HOST/Target/usbh_conf.o
                0x20000590                hhcd_USB_OTG_FS
 .bss.__malloc_sbrk_start
                0x20000970        0x4 C:/ST/STM32CubeIDE_2.1.1/STM32CubeIDE/plugins/com.st.stm32cube.ide.mcu.externaltools.gnu-tools-for-stm32.14.3.rel1.win32_1.0.100.202602081740/tools/bin/../lib/gcc/arm-none-eabi/14.3.1/../../../../arm-none-eabi/lib/thumb/v7e-m+fp/hard\libc_nano.a(libc_a-mallocr.o)
                0x20000970                __malloc_sbrk_start
 .bss.__malloc_free_list
                0x20000974        0x4 C:/ST/STM32CubeIDE_2.1.1/STM32CubeIDE/plugins/com.st.stm32cube.ide.mcu.externaltools.gnu-tools-for-stm32.14.3.rel1.win32_1.0.100.202602081740/tools/bin/../lib/gcc/arm-none-eabi/14.3.1/../../../../arm-none-eabi/lib/thumb/v7e-m+fp/hard\libc_nano.a(libc_a-mallocr.o)
                0x20000974                __malloc_free_list
 .bss.__sf      0x20000978      0x138 C:/ST/STM32CubeIDE_2.1.1/STM32CubeIDE/plugins/com.st.stm32cube.ide.mcu.externaltools.gnu-tools-for-stm32.14.3.rel1.win32_1.0.100.202602081740/tools/bin/../lib/gcc/arm-none-eabi/14.3.1/../../../../arm-none-eabi/lib/thumb/v7e-m+fp/hard\libc_nano.a(libc_a-findfp.o)
                0x20000978                __sf
 .bss.__stdio_exit_handler
                0x20000ab0        0x4 C:/ST/STM32CubeIDE_2.1.1/STM32CubeIDE/plugins/com.st.stm32cube.ide.mcu.externaltools.gnu-tools-for-stm32.14.3.rel1.win32_1.0.100.202602081740/tools/bin/../lib/gcc/arm-none-eabi/14.3.1/../../../../arm-none-eabi/lib/thumb/v7e-m+fp/hard\libc_nano.a(libc_a-findfp.o)
                0x20000ab0                __stdio_exit_handler
 .bss.errno     0x20000ab4        0x4 C:/ST/STM32CubeIDE_2.1.1/STM32CubeIDE/plugins/com.st.stm32cube.ide.mcu.externaltools.gnu-tools-for-stm32.14.3.rel1.win32_1.0.100.202602081740/tools/bin/../lib/gcc/arm-none-eabi/14.3.1/../../../../arm-none-eabi/lib/thumb/v7e-m+fp/hard\libc_nano.a(libc_a-reent.o)
                0x20000ab4                errno
 .bss.__lock___malloc_recursive_mutex
                0x20000ab8        0x1 C:/ST/STM32CubeIDE_2.1.1/STM32CubeIDE/plugins/com.st.stm32cube.ide.mcu.externaltools.gnu-tools-for-stm32.14.3.rel1.win32_1.0.100.202602081740/tools/bin/../lib/gcc/arm-none-eabi/14.3.1/../../../../arm-none-eabi/lib/thumb/v7e-m+fp/hard\libc_nano.a(libc_a-lock.o)
                0x20000ab8                __lock___malloc_recursive_mutex
 .bss.__lock___sfp_recursive_mutex
                0x20000ab9        0x1 C:/ST/STM32CubeIDE_2.1.1/STM32CubeIDE/plugins/com.st.stm32cube.ide.mcu.externaltools.gnu-tools-for-stm32.14.3.rel1.win32_1.0.100.202602081740/tools/bin/../lib/gcc/arm-none-eabi/14.3.1/../../../../arm-none-eabi/lib/thumb/v7e-m+fp/hard\libc_nano.a(libc_a-lock.o)
                0x20000ab9                __lock___sfp_recursive_mutex
 *(COMMON)
                0x20000abc                        . = ALIGN (0x4)
 *fill*         0x20000aba        0x2 
                0x20000abc                        _ebss = .
                0x20000abc                        __bss_end__ = _ebss

._user_heap_stack
                0x20000abc    0x10204
                0x20000ac0                        . = ALIGN (0x8)
 *fill*         0x20000abc        0x4 
                [!provide]                        PROVIDE (end = .)
                0x20000ac0                        PROVIDE (_end = .)
                0x20000cc0                        . = (. + _Min_Heap_Size)
 *fill*         0x20000ac0      0x200 
                0x20010cc0                        . = (. + _Min_Stack_Size)
 *fill*         0x20000cc0    0x10000 
                0x20010cc0                        . = ALIGN (0x8)

/DISCARD/
 libc.a(*)
 libm.a(*)
 libgcc.a(*)

.ARM.attributes
                0x00000000       0x30
 *(.ARM.attributes)
 .ARM.attributes
                0x00000000       0x22 C:/ST/STM32CubeIDE_2.1.1/STM32CubeIDE/plugins/com.st.stm32cube.ide.mcu.externaltools.gnu-tools-for-stm32.14.3.rel1.win32_1.0.100.202602081740/tools/bin/../lib/gcc/arm-none-eabi/14.3.1/thumb/v7e-m+fp/hard/crti.o
 .ARM.attributes
                0x00000022       0x34 C:/ST/STM32CubeIDE_2.1.1/STM32CubeIDE/plugins/com.st.stm32cube.ide.mcu.externaltools.gnu-tools-for-stm32.14.3.rel1.win32_1.0.100.202602081740/tools/bin/../lib/gcc/arm-none-eabi/14.3.1/thumb/v7e-m+fp/hard/crtbegin.o
 .ARM.attributes
                0x00000056       0x34 ./Core/Src/cbd.o
 .ARM.attributes
                0x0000008a       0x25 ./Core/Src/cmov_int16.o
 .ARM.attributes
                0x000000af       0x25 ./Core/Src/fastaddsub.o
 .ARM.attributes
                0x000000d4       0x25 ./Core/Src/fastbasemul.o
 .ARM.attributes
                0x000000f9       0x25 ./Core/Src/fastinvntt.o
 .ARM.attributes
                0x0000011e       0x25 ./Core/Src/fastntt.o
 .ARM.attributes
                0x00000143       0x34 ./Core/Src/fips202.o
 .ARM.attributes
                0x00000177       0x34 ./Core/Src/hmac_hkdf.o
 .ARM.attributes
                0x000001ab       0x34 ./Core/Src/indcpa.o
 .ARM.attributes
                0x000001df       0x20 ./Core/Src/keccakf1600.o
 .ARM.attributes
                0x000001ff       0x34 ./Core/Src/kem.o
 .ARM.attributes
                0x00000233       0x34 ./Core/Src/main.o
 .ARM.attributes
                0x00000267       0x34 ./Core/Src/matacc.o
 .ARM.attributes
                0x0000029b       0x25 ./Core/Src/matacc_asm.o
 .ARM.attributes
                0x000002c0       0x34 ./Core/Src/ntt.o
 .ARM.attributes
                0x000002f4       0x34 ./Core/Src/poly.o
 .ARM.attributes
                0x00000328       0x25 ./Core/Src/poly_asm.o
 .ARM.attributes
                0x0000034d       0x34 ./Core/Src/polyvec.o
 .ARM.attributes
                0x00000381       0x34 ./Core/Src/randombytes.o
 .ARM.attributes
                0x000003b5       0x25 ./Core/Src/reduce.o
 .ARM.attributes
                0x000003da       0x34 ./Core/Src/stm32f4xx_hal_msp.o
 .ARM.attributes
                0x0000040e       0x34 ./Core/Src/stm32f4xx_it.o
 .ARM.attributes
                0x00000442       0x34 ./Core/Src/symmetric-fips202.o
 .ARM.attributes
                0x00000476       0x34 ./Core/Src/syscalls.o
 .ARM.attributes
                0x000004aa       0x34 ./Core/Src/sysmem.o
 .ARM.attributes
                0x000004de       0x34 ./Core/Src/system_stm32f4xx.o
 .ARM.attributes
                0x00000512       0x34 ./Core/Src/verify.o
 .ARM.attributes
                0x00000546       0x21 ./Core/Startup/startup_stm32f407vgtx.o
 .ARM.attributes
                0x00000567       0x34 ./Drivers/STM32F4xx_HAL_Driver/Src/stm32f4xx_hal.o
 .ARM.attributes
                0x0000059b       0x34 ./Drivers/STM32F4xx_HAL_Driver/Src/stm32f4xx_hal_cortex.o
 .ARM.attributes
                0x000005cf       0x34 ./Drivers/STM32F4xx_HAL_Driver/Src/stm32f4xx_hal_gpio.o
 .ARM.attributes
                0x00000603       0x34 ./Drivers/STM32F4xx_HAL_Driver/Src/stm32f4xx_hal_hcd.o
 .ARM.attributes
                0x00000637       0x34 ./Drivers/STM32F4xx_HAL_Driver/Src/stm32f4xx_hal_i2c.o
 .ARM.attributes
                0x0000066b       0x34 ./Drivers/STM32F4xx_HAL_Driver/Src/stm32f4xx_hal_i2s.o
 .ARM.attributes
                0x0000069f       0x34 ./Drivers/STM32F4xx_HAL_Driver/Src/stm32f4xx_hal_i2s_ex.o
 .ARM.attributes
                0x000006d3       0x34 ./Drivers/STM32F4xx_HAL_Driver/Src/stm32f4xx_hal_rcc.o
 .ARM.attributes
                0x00000707       0x34 ./Drivers/STM32F4xx_HAL_Driver/Src/stm32f4xx_hal_rcc_ex.o
 .ARM.attributes
                0x0000073b       0x34 ./Drivers/STM32F4xx_HAL_Driver/Src/stm32f4xx_hal_rng.o
 .ARM.attributes
                0x0000076f       0x34 ./Drivers/STM32F4xx_HAL_Driver/Src/stm32f4xx_hal_spi.o
 .ARM.attributes
                0x000007a3       0x34 ./Drivers/STM32F4xx_HAL_Driver/Src/stm32f4xx_ll_usb.o
 .ARM.attributes
                0x000007d7       0x34 ./Middlewares/ST/STM32_USB_Host_Library/Class/CDC/Src/usbh_cdc.o
 .ARM.attributes
                0x0000080b       0x34 ./Middlewares/ST/STM32_USB_Host_Library/Core/Src/usbh_core.o
 .ARM.attributes
                0x0000083f       0x34 ./Middlewares/ST/STM32_USB_Host_Library/Core/Src/usbh_ctlreq.o
 .ARM.attributes
                0x00000873       0x34 ./Middlewares/ST/STM32_USB_Host_Library/Core/Src/usbh_ioreq.o
 .ARM.attributes
                0x000008a7       0x34 ./Middlewares/ST/STM32_USB_Host_Library/Core/Src/usbh_pipes.o
 .ARM.attributes
                0x000008db       0x34 ./USB_HOST/App/usb_host.o
 .ARM.attributes
                0x0000090f       0x34 ./USB_HOST/Target/usbh_conf.o
 .ARM.attributes
                0x00000943       0x34 ./USB_HOST/Target/usbh_platform.o
 .ARM.attributes
                0x00000977       0x34 C:/ST/STM32CubeIDE_2.1.1/STM32CubeIDE/plugins/com.st.stm32cube.ide.mcu.externaltools.gnu-tools-for-stm32.14.3.rel1.win32_1.0.100.202602081740/tools/bin/../lib/gcc/arm-none-eabi/14.3.1/../../../../arm-none-eabi/lib/thumb/v7e-m+fp/hard\libc_nano.a(libc_a-malloc.o)
 .ARM.attributes
                0x000009ab       0x34 C:/ST/STM32CubeIDE_2.1.1/STM32CubeIDE/plugins/com.st.stm32cube.ide.mcu.externaltools.gnu-tools-for-stm32.14.3.rel1.win32_1.0.100.202602081740/tools/bin/../lib/gcc/arm-none-eabi/14.3.1/../../../../arm-none-eabi/lib/thumb/v7e-m+fp/hard\libc_nano.a(libc_a-mallocr.o)
 .ARM.attributes
                0x000009df       0x34 C:/ST/STM32CubeIDE_2.1.1/STM32CubeIDE/plugins/com.st.stm32cube.ide.mcu.externaltools.gnu-tools-for-stm32.14.3.rel1.win32_1.0.100.202602081740/tools/bin/../lib/gcc/arm-none-eabi/14.3.1/../../../../arm-none-eabi/lib/thumb/v7e-m+fp/hard\libc_nano.a(libc_a-mlock.o)
 .ARM.attributes
                0x00000a13       0x34 C:/ST/STM32CubeIDE_2.1.1/STM32CubeIDE/plugins/com.st.stm32cube.ide.mcu.externaltools.gnu-tools-for-stm32.14.3.rel1.win32_1.0.100.202602081740/tools/bin/../lib/gcc/arm-none-eabi/14.3.1/../../../../arm-none-eabi/lib/thumb/v7e-m+fp/hard\libc_nano.a(libc_a-findfp.o)
 .ARM.attributes
                0x00000a47       0x34 C:/ST/STM32CubeIDE_2.1.1/STM32CubeIDE/plugins/com.st.stm32cube.ide.mcu.externaltools.gnu-tools-for-stm32.14.3.rel1.win32_1.0.100.202602081740/tools/bin/../lib/gcc/arm-none-eabi/14.3.1/../../../../arm-none-eabi/lib/thumb/v7e-m+fp/hard\libc_nano.a(libc_a-fwalk.o)
 .ARM.attributes
                0x00000a7b       0x34 C:/ST/STM32CubeIDE_2.1.1/STM32CubeIDE/plugins/com.st.stm32cube.ide.mcu.externaltools.gnu-tools-for-stm32.14.3.rel1.win32_1.0.100.202602081740/tools/bin/../lib/gcc/arm-none-eabi/14.3.1/../../../../arm-none-eabi/lib/thumb/v7e-m+fp/hard\libc_nano.a(libc_a-printf.o)
 .ARM.attributes
                0x00000aaf       0x34 C:/ST/STM32CubeIDE_2.1.1/STM32CubeIDE/plugins/com.st.stm32cube.ide.mcu.externaltools.gnu-tools-for-stm32.14.3.rel1.win32_1.0.100.202602081740/tools/bin/../lib/gcc/arm-none-eabi/14.3.1/../../../../arm-none-eabi/lib/thumb/v7e-m+fp/hard\libc_nano.a(libc_a-stdio.o)
 .ARM.attributes
                0x00000ae3       0x34 C:/ST/STM32CubeIDE_2.1.1/STM32CubeIDE/plugins/com.st.stm32cube.ide.mcu.externaltools.gnu-tools-for-stm32.14.3.rel1.win32_1.0.100.202602081740/tools/bin/../lib/gcc/arm-none-eabi/14.3.1/../../../../arm-none-eabi/lib/thumb/v7e-m+fp/hard\libc_nano.a(libc_a-wbuf.o)
 .ARM.attributes
                0x00000b17       0x34 C:/ST/STM32CubeIDE_2.1.1/STM32CubeIDE/plugins/com.st.stm32cube.ide.mcu.externaltools.gnu-tools-for-stm32.14.3.rel1.win32_1.0.100.202602081740/tools/bin/../lib/gcc/arm-none-eabi/14.3.1/../../../../arm-none-eabi/lib/thumb/v7e-m+fp/hard\libc_nano.a(libc_a-wsetup.o)
 .ARM.attributes
                0x00000b4b       0x34 C:/ST/STM32CubeIDE_2.1.1/STM32CubeIDE/plugins/com.st.stm32cube.ide.mcu.externaltools.gnu-tools-for-stm32.14.3.rel1.win32_1.0.100.202602081740/tools/bin/../lib/gcc/arm-none-eabi/14.3.1/../../../../arm-none-eabi/lib/thumb/v7e-m+fp/hard\libc_nano.a(libc_a-memcmp.o)
 .ARM.attributes
                0x00000b7f       0x34 C:/ST/STM32CubeIDE_2.1.1/STM32CubeIDE/plugins/com.st.stm32cube.ide.mcu.externaltools.gnu-tools-for-stm32.14.3.rel1.win32_1.0.100.202602081740/tools/bin/../lib/gcc/arm-none-eabi/14.3.1/../../../../arm-none-eabi/lib/thumb/v7e-m+fp/hard\libc_nano.a(libc_a-memset.o)
 .ARM.attributes
                0x00000bb3       0x34 C:/ST/STM32CubeIDE_2.1.1/STM32CubeIDE/plugins/com.st.stm32cube.ide.mcu.externaltools.gnu-tools-for-stm32.14.3.rel1.win32_1.0.100.202602081740/tools/bin/../lib/gcc/arm-none-eabi/14.3.1/../../../../arm-none-eabi/lib/thumb/v7e-m+fp/hard\libc_nano.a(libc_a-closer.o)
 .ARM.attributes
                0x00000be7       0x34 C:/ST/STM32CubeIDE_2.1.1/STM32CubeIDE/plugins/com.st.stm32cube.ide.mcu.externaltools.gnu-tools-for-stm32.14.3.rel1.win32_1.0.100.202602081740/tools/bin/../lib/gcc/arm-none-eabi/14.3.1/../../../../arm-none-eabi/lib/thumb/v7e-m+fp/hard\libc_nano.a(libc_a-reent.o)
 .ARM.attributes
                0x00000c1b       0x34 C:/ST/STM32CubeIDE_2.1.1/STM32CubeIDE/plugins/com.st.stm32cube.ide.mcu.externaltools.gnu-tools-for-stm32.14.3.rel1.win32_1.0.100.202602081740/tools/bin/../lib/gcc/arm-none-eabi/14.3.1/../../../../arm-none-eabi/lib/thumb/v7e-m+fp/hard\libc_nano.a(libc_a-impure.o)
 .ARM.attributes
                0x00000c4f       0x34 C:/ST/STM32CubeIDE_2.1.1/STM32CubeIDE/plugins/com.st.stm32cube.ide.mcu.externaltools.gnu-tools-for-stm32.14.3.rel1.win32_1.0.100.202602081740/tools/bin/../lib/gcc/arm-none-eabi/14.3.1/../../../../arm-none-eabi/lib/thumb/v7e-m+fp/hard\libc_nano.a(libc_a-lseekr.o)
 .ARM.attributes
                0x00000c83       0x34 C:/ST/STM32CubeIDE_2.1.1/STM32CubeIDE/plugins/com.st.stm32cube.ide.mcu.externaltools.gnu-tools-for-stm32.14.3.rel1.win32_1.0.100.202602081740/tools/bin/../lib/gcc/arm-none-eabi/14.3.1/../../../../arm-none-eabi/lib/thumb/v7e-m+fp/hard\libc_nano.a(libc_a-readr.o)
 .ARM.attributes
                0x00000cb7       0x34 C:/ST/STM32CubeIDE_2.1.1/STM32CubeIDE/plugins/com.st.stm32cube.ide.mcu.externaltools.gnu-tools-for-stm32.14.3.rel1.win32_1.0.100.202602081740/tools/bin/../lib/gcc/arm-none-eabi/14.3.1/../../../../arm-none-eabi/lib/thumb/v7e-m+fp/hard\libc_nano.a(libc_a-sbrkr.o)
 .ARM.attributes
                0x00000ceb       0x34 C:/ST/STM32CubeIDE_2.1.1/STM32CubeIDE/plugins/com.st.stm32cube.ide.mcu.externaltools.gnu-tools-for-stm32.14.3.rel1.win32_1.0.100.202602081740/tools/bin/../lib/gcc/arm-none-eabi/14.3.1/../../../../arm-none-eabi/lib/thumb/v7e-m+fp/hard\libc_nano.a(libc_a-writer.o)
 .ARM.attributes
                0x00000d1f       0x34 C:/ST/STM32CubeIDE_2.1.1/STM32CubeIDE/plugins/com.st.stm32cube.ide.mcu.externaltools.gnu-tools-for-stm32.14.3.rel1.win32_1.0.100.202602081740/tools/bin/../lib/gcc/arm-none-eabi/14.3.1/../../../../arm-none-eabi/lib/thumb/v7e-m+fp/hard\libc_nano.a(libc_a-errno.o)
 .ARM.attributes
                0x00000d53       0x34 C:/ST/STM32CubeIDE_2.1.1/STM32CubeIDE/plugins/com.st.stm32cube.ide.mcu.externaltools.gnu-tools-for-stm32.14.3.rel1.win32_1.0.100.202602081740/tools/bin/../lib/gcc/arm-none-eabi/14.3.1/../../../../arm-none-eabi/lib/thumb/v7e-m+fp/hard\libc_nano.a(libc_a-init.o)
 .ARM.attributes
                0x00000d87       0x34 C:/ST/STM32CubeIDE_2.1.1/STM32CubeIDE/plugins/com.st.stm32cube.ide.mcu.externaltools.gnu-tools-for-stm32.14.3.rel1.win32_1.0.100.202602081740/tools/bin/../lib/gcc/arm-none-eabi/14.3.1/../../../../arm-none-eabi/lib/thumb/v7e-m+fp/hard\libc_nano.a(libc_a-lock.o)
 .ARM.attributes
                0x00000dbb       0x34 C:/ST/STM32CubeIDE_2.1.1/STM32CubeIDE/plugins/com.st.stm32cube.ide.mcu.externaltools.gnu-tools-for-stm32.14.3.rel1.win32_1.0.100.202602081740/tools/bin/../lib/gcc/arm-none-eabi/14.3.1/../../../../arm-none-eabi/lib/thumb/v7e-m+fp/hard\libc_nano.a(libc_a-memcpy-stub.o)
 .ARM.attributes
                0x00000def       0x34 C:/ST/STM32CubeIDE_2.1.1/STM32CubeIDE/plugins/com.st.stm32cube.ide.mcu.externaltools.gnu-tools-for-stm32.14.3.rel1.win32_1.0.100.202602081740/tools/bin/../lib/gcc/arm-none-eabi/14.3.1/../../../../arm-none-eabi/lib/thumb/v7e-m+fp/hard\libc_nano.a(libc_a-freer.o)
 .ARM.attributes
                0x00000e23       0x34 C:/ST/STM32CubeIDE_2.1.1/STM32CubeIDE/plugins/com.st.stm32cube.ide.mcu.externaltools.gnu-tools-for-stm32.14.3.rel1.win32_1.0.100.202602081740/tools/bin/../lib/gcc/arm-none-eabi/14.3.1/../../../../arm-none-eabi/lib/thumb/v7e-m+fp/hard\libc_nano.a(libc_a-nano-vfprintf.o)
 .ARM.attributes
                0x00000e57       0x34 C:/ST/STM32CubeIDE_2.1.1/STM32CubeIDE/plugins/com.st.stm32cube.ide.mcu.externaltools.gnu-tools-for-stm32.14.3.rel1.win32_1.0.100.202602081740/tools/bin/../lib/gcc/arm-none-eabi/14.3.1/../../../../arm-none-eabi/lib/thumb/v7e-m+fp/hard\libc_nano.a(libc_a-nano-vfprintf_i.o)